Archive member included to satisfy reference by file (symbol)

/home/khj/Desktop/riscv64/bin/../lib/gcc/riscv64-unknown-elf/8.3.0/../../../../riscv64-unknown-elf/lib/rv32imac/ilp32/libc_nano.a(lib_a-puts.o)
                              /tmp/cc9UTe5O.o (puts)
/home/khj/Desktop/riscv64/bin/../lib/gcc/riscv64-unknown-elf/8.3.0/../../../../riscv64-unknown-elf/lib/rv32imac/ilp32/libc_nano.a(lib_a-wbuf.o)
                              /home/khj/Desktop/riscv64/bin/../lib/gcc/riscv64-unknown-elf/8.3.0/../../../../riscv64-unknown-elf/lib/rv32imac/ilp32/libc_nano.a(lib_a-puts.o) (__swbuf_r)
/home/khj/Desktop/riscv64/bin/../lib/gcc/riscv64-unknown-elf/8.3.0/../../../../riscv64-unknown-elf/lib/rv32imac/ilp32/libc_nano.a(lib_a-wsetup.o)
                              /home/khj/Desktop/riscv64/bin/../lib/gcc/riscv64-unknown-elf/8.3.0/../../../../riscv64-unknown-elf/lib/rv32imac/ilp32/libc_nano.a(lib_a-puts.o) (__swsetup_r)
/home/khj/Desktop/riscv64/bin/../lib/gcc/riscv64-unknown-elf/8.3.0/../../../../riscv64-unknown-elf/lib/rv32imac/ilp32/libc_nano.a(lib_a-fflush.o)
                              /home/khj/Desktop/riscv64/bin/../lib/gcc/riscv64-unknown-elf/8.3.0/../../../../riscv64-unknown-elf/lib/rv32imac/ilp32/libc_nano.a(lib_a-wbuf.o) (_fflush_r)
/home/khj/Desktop/riscv64/bin/../lib/gcc/riscv64-unknown-elf/8.3.0/../../../../riscv64-unknown-elf/lib/rv32imac/ilp32/libc_nano.a(lib_a-findfp.o)
                              /home/khj/Desktop/riscv64/bin/../lib/gcc/riscv64-unknown-elf/8.3.0/../../../../riscv64-unknown-elf/lib/rv32imac/ilp32/libc_nano.a(lib_a-puts.o) (__sinit)
/home/khj/Desktop/riscv64/bin/../lib/gcc/riscv64-unknown-elf/8.3.0/../../../../riscv64-unknown-elf/lib/rv32imac/ilp32/libc_nano.a(lib_a-fwalk.o)
                              /home/khj/Desktop/riscv64/bin/../lib/gcc/riscv64-unknown-elf/8.3.0/../../../../riscv64-unknown-elf/lib/rv32imac/ilp32/libc_nano.a(lib_a-findfp.o) (_fwalk)
/home/khj/Desktop/riscv64/bin/../lib/gcc/riscv64-unknown-elf/8.3.0/../../../../riscv64-unknown-elf/lib/rv32imac/ilp32/libc_nano.a(lib_a-impure.o)
                              /home/khj/Desktop/riscv64/bin/../lib/gcc/riscv64-unknown-elf/8.3.0/../../../../riscv64-unknown-elf/lib/rv32imac/ilp32/libc_nano.a(lib_a-fflush.o) (_global_impure_ptr)
/home/khj/Desktop/riscv64/bin/../lib/gcc/riscv64-unknown-elf/8.3.0/../../../../riscv64-unknown-elf/lib/rv32imac/ilp32/libc_nano.a(lib_a-makebuf.o)
                              /home/khj/Desktop/riscv64/bin/../lib/gcc/riscv64-unknown-elf/8.3.0/../../../../riscv64-unknown-elf/lib/rv32imac/ilp32/libc_nano.a(lib_a-wsetup.o) (__smakebuf_r)
/home/khj/Desktop/riscv64/bin/../lib/gcc/riscv64-unknown-elf/8.3.0/../../../../riscv64-unknown-elf/lib/rv32imac/ilp32/libc_nano.a(lib_a-memset.o)
                              /home/khj/Desktop/riscv64/bin/../lib/gcc/riscv64-unknown-elf/8.3.0/../../../../riscv64-unknown-elf/lib/rv32imac/ilp32/libc_nano.a(lib_a-findfp.o) (memset)
/home/khj/Desktop/riscv64/bin/../lib/gcc/riscv64-unknown-elf/8.3.0/../../../../riscv64-unknown-elf/lib/rv32imac/ilp32/libc_nano.a(lib_a-nano-freer.o)
                              /home/khj/Desktop/riscv64/bin/../lib/gcc/riscv64-unknown-elf/8.3.0/../../../../riscv64-unknown-elf/lib/rv32imac/ilp32/libc_nano.a(lib_a-wsetup.o) (_free_r)
/home/khj/Desktop/riscv64/bin/../lib/gcc/riscv64-unknown-elf/8.3.0/../../../../riscv64-unknown-elf/lib/rv32imac/ilp32/libc_nano.a(lib_a-nano-mallocr.o)
                              /home/khj/Desktop/riscv64/bin/../lib/gcc/riscv64-unknown-elf/8.3.0/../../../../riscv64-unknown-elf/lib/rv32imac/ilp32/libc_nano.a(lib_a-findfp.o) (_malloc_r)
/home/khj/Desktop/riscv64/bin/../lib/gcc/riscv64-unknown-elf/8.3.0/../../../../riscv64-unknown-elf/lib/rv32imac/ilp32/libc_nano.a(lib_a-sbrkr.o)
                              /home/khj/Desktop/riscv64/bin/../lib/gcc/riscv64-unknown-elf/8.3.0/../../../../riscv64-unknown-elf/lib/rv32imac/ilp32/libc_nano.a(lib_a-nano-mallocr.o) (_sbrk_r)
/home/khj/Desktop/riscv64/bin/../lib/gcc/riscv64-unknown-elf/8.3.0/../../../../riscv64-unknown-elf/lib/rv32imac/ilp32/libc_nano.a(lib_a-stdio.o)
                              /home/khj/Desktop/riscv64/bin/../lib/gcc/riscv64-unknown-elf/8.3.0/../../../../riscv64-unknown-elf/lib/rv32imac/ilp32/libc_nano.a(lib_a-findfp.o) (__sread)
/home/khj/Desktop/riscv64/bin/../lib/gcc/riscv64-unknown-elf/8.3.0/../../../../riscv64-unknown-elf/lib/rv32imac/ilp32/libc_nano.a(lib_a-writer.o)
                              /home/khj/Desktop/riscv64/bin/../lib/gcc/riscv64-unknown-elf/8.3.0/../../../../riscv64-unknown-elf/lib/rv32imac/ilp32/libc_nano.a(lib_a-stdio.o) (_write_r)
/home/khj/Desktop/riscv64/bin/../lib/gcc/riscv64-unknown-elf/8.3.0/../../../../riscv64-unknown-elf/lib/rv32imac/ilp32/libc_nano.a(lib_a-closer.o)
                              /home/khj/Desktop/riscv64/bin/../lib/gcc/riscv64-unknown-elf/8.3.0/../../../../riscv64-unknown-elf/lib/rv32imac/ilp32/libc_nano.a(lib_a-stdio.o) (_close_r)
[...]
Memory Configuration

Name             Origin             Length             Attributes
ram              0x0000000080000000 0x0000000000400000 axrwl
rom              0x0000000020400000 0x000000001fc00000 xrl !aw
*default*        0x0000000000000000 0xffffffffffffffff

Linker script and memory map

LOAD /tmp/cc9UTe5O.o
START GROUP
LOAD /home/khj/Desktop/riscv64/bin/../lib/gcc/riscv64-unknown-elf/8.3.0/../../../../riscv64-unknown-elf/lib/rv32imac/ilp32/libc_nano.a
LOAD /home/khj/Desktop/riscv64/bin/../lib/gcc/riscv64-unknown-elf/8.3.0/rv32imac/ilp32/libgcc.a
LOAD /home/khj/Desktop/riscv64/bin/../lib/gcc/riscv64-unknown-elf/8.3.0/../../../../riscv64-unknown-elf/lib/rv32imac/ilp32/libm.a
LOAD /home/khj/Desktop/hello_standalone/bsp/install/lib/debug//libmetal.a
LOAD /home/khj/Desktop/hello_standalone/bsp/install/lib/debug//libmetal-gloss.a
END GROUP
                0x0000000000000400                __stack_size = DEFINED (__stack_size)?__stack_size:0x400
                [!provide]                        PROVIDE (__stack_size = __stack_size)
                0x0000000000000800                __heap_size = DEFINED (__heap_size)?__heap_size:0x800
                0x0000000000000000                PROVIDE (__metal_boot_hart = 0x0)
                0x0000000000000001                PROVIDE (__metal_chicken_bit = 0x1)
                0x0000000000000000                PROVIDE (__metal_eccscrub_bit = 0x0)
                0x0000000080000000                PROVIDE (metal_dtim_0_memory_start = 0x80000000)
                0x0000000080010000                PROVIDE (metal_dtim_0_memory_end = 0x80010000)

.init           0x0000000020400000      0x2d6
 *(.text.metal.init.enter)
 .text.metal.init.enter
                0x0000000020400000       0x90 /home/khj/Desktop/hello_standalone/bsp/install/lib/debug//libmetal.a(entry.o)
                0x0000000020400000                _enter
 *(.text.metal.init.*)
 .text.metal.init.__register_frame_info
                0x0000000020400090        0x2 /home/khj/Desktop/hello_standalone/bsp/install/lib/debug//libmetal.a(entry.o)
                0x0000000020400090                __register_frame_info
 .text.metal.init.scrub
                0x0000000020400092       0xe4 /home/khj/Desktop/hello_standalone/bsp/install/lib/debug//libmetal.a(scrub.o)
                0x000000002040009e                __metal_before_start
 *fill*         0x0000000020400176        0x2 
 .text.metal.init.trapvec
                0x0000000020400178        0xe /home/khj/Desktop/hello_standalone/bsp/install/lib/debug//libmetal.a(trap.o)
                0x0000000020400178                early_trap_vector
 *(SORT_NONE(.init))
 .init          0x0000000020400186        0xe /home/khj/Desktop/hello_standalone/bsp/install/lib/debug//libmetal.a(synchronize_harts.o)
                0x0000000020400186                __metal_synchronize_harts
 *(.text.libgloss.start)
 .text.libgloss.start
                0x0000000020400194      0x142 /home/khj/Desktop/hello_standalone/bsp/install/lib/debug//libmetal-gloss.a(crt0.o)
                0x0000000020400194                _start
                0x00000000204002b4                _init
                0x00000000204002b4                _fini
                0x00000000204002b6                secondary_main

.fini
 *(SORT_NONE(.fini))

.preinit_array  0x00000000204002d8        0x0
                0x00000000204002d8                PROVIDE (__preinit_array_start = .)
 *(.preinit_array)
                0x00000000204002d8                PROVIDE (__preinit_array_end = .)

.init_array     0x00000000204002d8        0xc
                0x00000000204002d8                PROVIDE (__init_array_start = .)
 *(SORT_BY_INIT_PRIORITY(.init_array.*) SORT_BY_INIT_PRIORITY(.ctors.*))
 *(.init_array EXCLUDE_FILE(*crtend?.o *crtend.o *crtbegin?.o *crtbegin.o) .ctors)
                0x00000000204002d8                PROVIDE (__init_array_end = .)
                0x00000000204002d8                PROVIDE (metal_constructors_start = .)
 *(SORT_BY_INIT_PRIORITY(.metal.init_array.*))
 .metal.init_array.5000
                0x00000000204002d8        0x4 /home/khj/Desktop/hello_standalone/bsp/install/lib/debug//libmetal.a(tty.o)
                0x00000000204002d8                _metal_tty_init_ptr
 .metal.init_array.5000
                0x00000000204002dc        0x8 /home/khj/Desktop/hello_standalone/bsp/install/lib/debug//libmetal.a(sifive_fe310-g000_pll.o)
                0x00000000204002dc                _metal_sifive_fe310_g000_pll_init_ptr
                0x00000000204002e0                _use_hfxosc_ptr
 *(.metal.init_array)
                0x00000000204002e4                PROVIDE (metal_constructors_end = .)

.fini_array     0x00000000204002e8        0x0
                0x00000000204002e8                PROVIDE (__fini_array_start = .)
 *(SORT_BY_INIT_PRIORITY(.fini_array.*) SORT_BY_INIT_PRIORITY(.dtors.*))
 *(.fini_array EXCLUDE_FILE(*crtend?.o *crtend.o *crtbegin?.o *crtbegin.o) .dtors)
                0x00000000204002e8                PROVIDE (__fini_array_end = .)
                0x00000000204002e8                PROVIDE (metal_destructors_start = .)
 *(SORT_BY_INIT_PRIORITY(.metal.fini_array.*))
 *(.metal.fini_array)
                0x00000000204002e8                PROVIDE (metal_destructors_end = .)

.ctors          0x00000000204002e4       0x7a
 *crtbegin.o(.ctors)
 *crtbegin?.o(.ctors)
 *(EXCLUDE_FILE(*crtend?.o *crtend.o) .ctors)
 *(SORT_BY_NAME(.ctors.*))
 *(.ctors)
 *(.metal.ctors .metal.ctors.*)
 .metal.ctors   0x00000000204002e4       0x24 /home/khj/Desktop/hello_standalone/bsp/install/lib/debug//libmetal.a(tty.o)
                0x00000000204002e4                metal_tty_init
 .metal.ctors   0x0000000020400308       0x56 /home/khj/Desktop/hello_standalone/bsp/install/lib/debug//libmetal.a(sifive_fe310-g000_pll.o)
                0x0000000020400308                metal_sifive_fe310_g000_pll_init
                0x0000000020400334                use_hfxosc

.dtors
 *crtbegin.o(.dtors)
 *crtbegin?.o(.dtors)
 *(EXCLUDE_FILE(*crtend?.o *crtend.o) .dtors)
 *(SORT_BY_NAME(.dtors.*))
 *(.dtors)
 *(.metal.dtors .metal.dtors.*)

.rodata         0x0000000020400360      0xbe8
 *(.rdata)
 *(.rodata .rodata.*)
 .rodata        0x0000000020400360       0x21 /tmp/cc9UTe5O.o
 *fill*         0x0000000020400381        0x3 
 .rodata.__sf_fake_stderr
                0x0000000020400384       0x20 /home/khj/Desktop/riscv64/bin/../lib/gcc/riscv64-unknown-elf/8.3.0/../../../../riscv64-unknown-elf/lib/rv32imac/ilp32/libc_nano.a(lib_a-findfp.o)
                0x0000000020400384                __sf_fake_stderr
 .rodata.__sf_fake_stdin
                0x00000000204003a4       0x20 /home/khj/Desktop/riscv64/bin/../lib/gcc/riscv64-unknown-elf/8.3.0/../../../../riscv64-unknown-elf/lib/rv32imac/ilp32/libc_nano.a(lib_a-findfp.o)
                0x00000000204003a4                __sf_fake_stdin
 .rodata.__sf_fake_stdout
                0x00000000204003c4       0x20 /home/khj/Desktop/riscv64/bin/../lib/gcc/riscv64-unknown-elf/8.3.0/../../../../riscv64-unknown-elf/lib/rv32imac/ilp32/libc_nano.a(lib_a-findfp.o)
                0x00000000204003c4                __sf_fake_stdout
 .rodata.libgloss.start
                0x00000000204003e4       0x11 /home/khj/Desktop/hello_standalone/bsp/install/lib/debug//libmetal-gloss.a(crt0.o)
 *fill*         0x00000000204003f5        0x3 
 .rodata.__metal_driver_vtable_riscv_clint0
                0x00000000204003f8       0x64 /home/khj/Desktop/hello_standalone/bsp/install/lib/debug//libmetal.a(riscv_clint0.o)
                0x00000000204003f8                __metal_driver_vtable_riscv_clint0
 .rodata.__metal_controller_interrupt_vector
                0x000000002040045c       0x14 /home/khj/Desktop/hello_standalone/bsp/install/lib/debug//libmetal.a(riscv_cpu.o)
 .rodata.__metal_local_interrupt_enable
                0x0000000020400470       0x80 /home/khj/Desktop/hello_standalone/bsp/install/lib/debug//libmetal.a(riscv_cpu.o)
 .rodata.__metal_driver_vtable_riscv_cpu_intc
                0x00000000204004f0       0x64 /home/khj/Desktop/hello_standalone/bsp/install/lib/debug//libmetal.a(riscv_cpu.o)
                0x00000000204004f0                __metal_driver_vtable_riscv_cpu_intc
 .rodata.__metal_driver_vtable_cpu
                0x0000000020400554       0x44 /home/khj/Desktop/hello_standalone/bsp/install/lib/debug//libmetal.a(riscv_cpu.o)
                0x0000000020400554                __metal_driver_vtable_cpu
 .rodata.__metal_driver_vtable_riscv_plic0
                0x0000000020400598       0x64 /home/khj/Desktop/hello_standalone/bsp/install/lib/debug//libmetal.a(riscv_plic0.o)
                0x0000000020400598                __metal_driver_vtable_riscv_plic0
 .rodata.pll_configs
                0x00000000204005fc      0x880 /home/khj/Desktop/hello_standalone/bsp/install/lib/debug//libmetal.a(sifive_fe310-g000_pll.o)
 .rodata.__metal_driver_vtable_sifive_fe310_g000_pll
                0x0000000020400e7c        0xc /home/khj/Desktop/hello_standalone/bsp/install/lib/debug//libmetal.a(sifive_fe310-g000_pll.o)
                0x0000000020400e7c                __metal_driver_vtable_sifive_fe310_g000_pll
 .rodata.__metal_driver_sifive_gpio0_config_int
                0x0000000020400e88       0x20 /home/khj/Desktop/hello_standalone/bsp/install/lib/debug//libmetal.a(sifive_gpio0.o)
 .rodata.__metal_driver_sifive_gpio0_clear_int
                0x0000000020400ea8       0x20 /home/khj/Desktop/hello_standalone/bsp/install/lib/debug//libmetal.a(sifive_gpio0.o)
 .rodata.__metal_driver_vtable_sifive_gpio0
                0x0000000020400ec8       0x3c /home/khj/Desktop/hello_standalone/bsp/install/lib/debug//libmetal.a(sifive_gpio0.o)
                0x0000000020400ec8                __metal_driver_vtable_sifive_gpio0
 .rodata.__metal_driver_vtable_sifive_uart0
                0x0000000020400f04       0x40 /home/khj/Desktop/hello_standalone/bsp/install/lib/debug//libmetal.a(sifive_uart0.o)
                0x0000000020400f04                __metal_driver_vtable_sifive_uart0
 *(.gnu.linkonce.r.*)
                0x0000000020400f48                . = ALIGN (0x8)
 *fill*         0x0000000020400f44        0x4 
 *(.srodata.cst16)
 *(.srodata.cst8)
 *(.srodata.cst4)
 *(.srodata.cst2)
 *(.srodata .srodata.*)

.itim           0x0000000080000000        0x0 load address 0x0000000020400f48
 *(.itim .itim.*)
                0x0000000020400f48                PROVIDE (metal_segment_itim_source_start = LOADADDR (.itim))
                0x0000000080000000                PROVIDE (metal_segment_itim_target_start = ADDR (.itim))
                0x0000000080000000                PROVIDE (metal_segment_itim_target_end = (ADDR (.itim) + SIZEOF (.itim)))

.text           0x0000000020400f80     0x56b6
 *(.text.unlikely .text.unlikely.*)
 *(.text.startup .text.startup.*)
 *(.text .text.*)
 .text.main     0x0000000020400f80       0x28 /tmp/cc9UTe5O.o
                0x0000000020400f80                main
 .text._puts_r  0x0000000020400fa8       0xda /home/khj/Desktop/riscv64/bin/../lib/gcc/riscv64-unknown-elf/8.3.0/../../../../riscv64-unknown-elf/lib/rv32imac/ilp32/libc_nano.a(lib_a-puts.o)
                0x0000000020400fa8                _puts_r
 .text.puts     0x0000000020401082        0xe /home/khj/Desktop/riscv64/bin/../lib/gcc/riscv64-unknown-elf/8.3.0/../../../../riscv64-unknown-elf/lib/rv32imac/ilp32/libc_nano.a(lib_a-puts.o)
                0x0000000020401082                puts
 .text.__swbuf_r
                0x0000000020401090       0xc0 /home/khj/Desktop/riscv64/bin/../lib/gcc/riscv64-unknown-elf/8.3.0/../../../../riscv64-unknown-elf/lib/rv32imac/ilp32/libc_nano.a(lib_a-wbuf.o)
                0x0000000020401090                __swbuf_r
 .text.__swsetup_r
                0x0000000020401150      0x110 /home/khj/Desktop/riscv64/bin/../lib/gcc/riscv64-unknown-elf/8.3.0/../../../../riscv64-unknown-elf/lib/rv32imac/ilp32/libc_nano.a(lib_a-wsetup.o)
                0x0000000020401150                __swsetup_r
 .text.__sflush_r
                0x0000000020401260      0x14a /home/khj/Desktop/riscv64/bin/../lib/gcc/riscv64-unknown-elf/8.3.0/../../../../riscv64-unknown-elf/lib/rv32imac/ilp32/libc_nano.a(lib_a-fflush.o)
                0x0000000020401260                __sflush_r
 .text._fflush_r
                0x00000000204013aa       0x64 /home/khj/Desktop/riscv64/bin/../lib/gcc/riscv64-unknown-elf/8.3.0/../../../../riscv64-unknown-elf/lib/rv32imac/ilp32/libc_nano.a(lib_a-fflush.o)
                0x00000000204013aa                _fflush_r
 .text.std      0x000000002040140e       0x68 /home/khj/Desktop/riscv64/bin/../lib/gcc/riscv64-unknown-elf/8.3.0/../../../../riscv64-unknown-elf/lib/rv32imac/ilp32/libc_nano.a(lib_a-findfp.o)
 .text._cleanup_r
                0x0000000020401476        0xa /home/khj/Desktop/riscv64/bin/../lib/gcc/riscv64-unknown-elf/8.3.0/../../../../riscv64-unknown-elf/lib/rv32imac/ilp32/libc_nano.a(lib_a-findfp.o)
                0x0000000020401476                _cleanup_r
 .text.__sfmoreglue
                0x0000000020401480       0x44 /home/khj/Desktop/riscv64/bin/../lib/gcc/riscv64-unknown-elf/8.3.0/../../../../riscv64-unknown-elf/lib/rv32imac/ilp32/libc_nano.a(lib_a-findfp.o)
                0x0000000020401480                __sfmoreglue
 .text.__sinit  0x00000000204014c4       0x6a /home/khj/Desktop/riscv64/bin/../lib/gcc/riscv64-unknown-elf/8.3.0/../../../../riscv64-unknown-elf/lib/rv32imac/ilp32/libc_nano.a(lib_a-findfp.o)
                0x00000000204014c4                __sinit
 .text.__sfp    0x000000002040152e       0x9e /home/khj/Desktop/riscv64/bin/../lib/gcc/riscv64-unknown-elf/8.3.0/../../../../riscv64-unknown-elf/lib/rv32imac/ilp32/libc_nano.a(lib_a-findfp.o)
                0x000000002040152e                __sfp
 .text._fwalk_reent
                0x00000000204015cc       0x6c /home/khj/Desktop/riscv64/bin/../lib/gcc/riscv64-unknown-elf/8.3.0/../../../../riscv64-unknown-elf/lib/rv32imac/ilp32/libc_nano.a(lib_a-fwalk.o)
                0x00000000204015cc                _fwalk_reent
 .text.__swhatbuf_r
                0x0000000020401638       0x58 /home/khj/Desktop/riscv64/bin/../lib/gcc/riscv64-unknown-elf/8.3.0/../../../../riscv64-unknown-elf/lib/rv32imac/ilp32/libc_nano.a(lib_a-makebuf.o)
                0x0000000020401638                __swhatbuf_r
 .text.__smakebuf_r
                0x0000000020401690       0x9c /home/khj/Desktop/riscv64/bin/../lib/gcc/riscv64-unknown-elf/8.3.0/../../../../riscv64-unknown-elf/lib/rv32imac/ilp32/libc_nano.a(lib_a-makebuf.o)
                0x0000000020401690                __smakebuf_r
 .text          0x000000002040172c       0x10 /home/khj/Desktop/riscv64/bin/../lib/gcc/riscv64-unknown-elf/8.3.0/../../../../riscv64-unknown-elf/lib/rv32imac/ilp32/libc_nano.a(lib_a-memset.o)
                0x000000002040172c                memset
 .text._free_r  0x000000002040173c       0xac /home/khj/Desktop/riscv64/bin/../lib/gcc/riscv64-unknown-elf/8.3.0/../../../../riscv64-unknown-elf/lib/rv32imac/ilp32/libc_nano.a(lib_a-nano-freer.o)
                0x000000002040173c                _free_r
 .text._malloc_r
                0x00000000204017e8       0xde /home/khj/Desktop/riscv64/bin/../lib/gcc/riscv64-unknown-elf/8.3.0/../../../../riscv64-unknown-elf/lib/rv32imac/ilp32/libc_nano.a(lib_a-nano-mallocr.o)
                0x00000000204017e8                _malloc_r
 .text._sbrk_r  0x00000000204018c6       0x28 /home/khj/Desktop/riscv64/bin/../lib/gcc/riscv64-unknown-elf/8.3.0/../../../../riscv64-unknown-elf/lib/rv32imac/ilp32/libc_nano.a(lib_a-sbrkr.o)
                0x00000000204018c6                _sbrk_r
 .text.__sread  0x00000000204018ee       0x30 /home/khj/Desktop/riscv64/bin/../lib/gcc/riscv64-unknown-elf/8.3.0/../../../../riscv64-unknown-elf/lib/rv32imac/ilp32/libc_nano.a(lib_a-stdio.o)
                0x00000000204018ee                __sread
 .text.__swrite
                0x000000002040191e       0x4e /home/khj/Desktop/riscv64/bin/../lib/gcc/riscv64-unknown-elf/8.3.0/../../../../riscv64-unknown-elf/lib/rv32imac/ilp32/libc_nano.a(lib_a-stdio.o)
                0x000000002040191e                __swrite
 .text.__sseek  0x000000002040196c       0x36 /home/khj/Desktop/riscv64/bin/../lib/gcc/riscv64-unknown-elf/8.3.0/../../../../riscv64-unknown-elf/lib/rv32imac/ilp32/libc_nano.a(lib_a-stdio.o)
                0x000000002040196c                __sseek
 .text.__sclose
                0x00000000204019a2        0x6 /home/khj/Desktop/riscv64/bin/../lib/gcc/riscv64-unknown-elf/8.3.0/../../../../riscv64-unknown-elf/lib/rv32imac/ilp32/libc_nano.a(lib_a-stdio.o)
                0x00000000204019a2                __sclose
 .text._write_r
                0x00000000204019a8       0x2c /home/khj/Desktop/riscv64/bin/../lib/gcc/riscv64-unknown-elf/8.3.0/../../../../riscv64-unknown-elf/lib/rv32imac/ilp32/libc_nano.a(lib_a-writer.o)
                0x00000000204019a8                _write_r
 .text._close_r
                0x00000000204019d4       0x28 /home/khj/Desktop/riscv64/bin/../lib/gcc/riscv64-unknown-elf/8.3.0/../../../../riscv64-unknown-elf/lib/rv32imac/ilp32/libc_nano.a(lib_a-closer.o)
                0x00000000204019d4                _close_r
 .text._fstat_r
                0x00000000204019fc       0x2a /home/khj/Desktop/riscv64/bin/../lib/gcc/riscv64-unknown-elf/8.3.0/../../../../riscv64-unknown-elf/lib/rv32imac/ilp32/libc_nano.a(lib_a-fstatr.o)
                0x00000000204019fc                _fstat_r
 .text._isatty_r
                0x0000000020401a26       0x28 /home/khj/Desktop/riscv64/bin/../lib/gcc/riscv64-unknown-elf/8.3.0/../../../../riscv64-unknown-elf/lib/rv32imac/ilp32/libc_nano.a(lib_a-isattyr.o)
                0x0000000020401a26                _isatty_r
 .text._lseek_r
                0x0000000020401a4e       0x2c /home/khj/Desktop/riscv64/bin/../lib/gcc/riscv64-unknown-elf/8.3.0/../../../../riscv64-unknown-elf/lib/rv32imac/ilp32/libc_nano.a(lib_a-lseekr.o)
                0x0000000020401a4e                _lseek_r
 .text.__malloc_lock
                0x0000000020401a7a        0x2 /home/khj/Desktop/riscv64/bin/../lib/gcc/riscv64-unknown-elf/8.3.0/../../../../riscv64-unknown-elf/lib/rv32imac/ilp32/libc_nano.a(lib_a-mlock.o)
                0x0000000020401a7a                __malloc_lock
 .text.__malloc_unlock
                0x0000000020401a7c        0x2 /home/khj/Desktop/riscv64/bin/../lib/gcc/riscv64-unknown-elf/8.3.0/../../../../riscv64-unknown-elf/lib/rv32imac/ilp32/libc_nano.a(lib_a-mlock.o)
                0x0000000020401a7c                __malloc_unlock
 .text._read_r  0x0000000020401a7e       0x2c /home/khj/Desktop/riscv64/bin/../lib/gcc/riscv64-unknown-elf/8.3.0/../../../../riscv64-unknown-elf/lib/rv32imac/ilp32/libc_nano.a(lib_a-readr.o)
                0x0000000020401a7e                _read_r
 .text._close   0x0000000020401aaa       0x22 /home/khj/Desktop/hello_standalone/bsp/install/lib/debug//libmetal-gloss.a(sys_close.o)
                0x0000000020401aaa                _close
 .text._fstat   0x0000000020401acc       0x26 /home/khj/Desktop/hello_standalone/bsp/install/lib/debug//libmetal-gloss.a(sys_fstat.o)
                0x0000000020401acc                _fstat
 .text._isatty  0x0000000020401af2       0x20 /home/khj/Desktop/hello_standalone/bsp/install/lib/debug//libmetal-gloss.a(sys_isatty.o)
                0x0000000020401af2                _isatty
 .text._lseek   0x0000000020401b12       0x2a /home/khj/Desktop/hello_standalone/bsp/install/lib/debug//libmetal-gloss.a(sys_lseek.o)
                0x0000000020401b12                _lseek
 .text._read    0x0000000020401b3c       0x2a /home/khj/Desktop/hello_standalone/bsp/install/lib/debug//libmetal-gloss.a(sys_read.o)
                0x0000000020401b3c                _read
 .text._sbrk    0x0000000020401b66       0x6e /home/khj/Desktop/hello_standalone/bsp/install/lib/debug//libmetal-gloss.a(sys_sbrk.o)
                0x0000000020401b66                _sbrk
 .text._write   0x0000000020401bd4       0x6e /home/khj/Desktop/hello_standalone/bsp/install/lib/debug//libmetal-gloss.a(sys_write.o)
                0x0000000020401bd4                write
                0x0000000020401bd4                _write
 .text.atexit   0x0000000020401c42        0xa /home/khj/Desktop/riscv64/bin/../lib/gcc/riscv64-unknown-elf/8.3.0/../../../../riscv64-unknown-elf/lib/rv32imac/ilp32/libc_nano.a(lib_a-atexit.o)
                0x0000000020401c42                atexit
 .text.__errno  0x0000000020401c4c        0xc /home/khj/Desktop/riscv64/bin/../lib/gcc/riscv64-unknown-elf/8.3.0/../../../../riscv64-unknown-elf/lib/rv32imac/ilp32/libc_nano.a(lib_a-errno.o)
                0x0000000020401c4c                __errno
 .text.exit     0x0000000020401c58       0x2c /home/khj/Desktop/riscv64/bin/../lib/gcc/riscv64-unknown-elf/8.3.0/../../../../riscv64-unknown-elf/lib/rv32imac/ilp32/libc_nano.a(lib_a-exit.o)
                0x0000000020401c58                exit
 .text.__libc_fini_array
                0x0000000020401c84       0x38 /home/khj/Desktop/riscv64/bin/../lib/gcc/riscv64-unknown-elf/8.3.0/../../../../riscv64-unknown-elf/lib/rv32imac/ilp32/libc_nano.a(lib_a-fini.o)
                0x0000000020401c84                __libc_fini_array
 .text.__libc_init_array
                0x0000000020401cbc       0x6a /home/khj/Desktop/riscv64/bin/../lib/gcc/riscv64-unknown-elf/8.3.0/../../../../riscv64-unknown-elf/lib/rv32imac/ilp32/libc_nano.a(lib_a-init.o)
                0x0000000020401cbc                __libc_init_array
 .text.__register_exitproc
                0x0000000020401d26       0x88 /home/khj/Desktop/riscv64/bin/../lib/gcc/riscv64-unknown-elf/8.3.0/../../../../riscv64-unknown-elf/lib/rv32imac/ilp32/libc_nano.a(lib_a-__atexit.o)
                0x0000000020401d26                __register_exitproc
 .text.__call_exitprocs
                0x0000000020401dae       0xc8 /home/khj/Desktop/riscv64/bin/../lib/gcc/riscv64-unknown-elf/8.3.0/../../../../riscv64-unknown-elf/lib/rv32imac/ilp32/libc_nano.a(lib_a-__call_atexit.o)
                0x0000000020401dae                __call_exitprocs
 .text.metal_init
                0x0000000020401e76       0x78 /home/khj/Desktop/hello_standalone/bsp/install/lib/debug//libmetal.a(init.o)
                0x0000000020401e76                metal_init
 .text.metal_fini
                0x0000000020401eee       0x78 /home/khj/Desktop/hello_standalone/bsp/install/lib/debug//libmetal.a(init.o)
                0x0000000020401eee                metal_fini
 .text.metal_init_run
                0x0000000020401f66       0x14 /home/khj/Desktop/hello_standalone/bsp/install/lib/debug//libmetal.a(init.o)
                0x0000000020401f66                metal_init_run
 .text.metal_fini_run
                0x0000000020401f7a       0x14 /home/khj/Desktop/hello_standalone/bsp/install/lib/debug//libmetal.a(init.o)
                0x0000000020401f7a                metal_fini_run
 .text.metal_tty_putc
                0x0000000020401f8e       0x2c /home/khj/Desktop/hello_standalone/bsp/install/lib/debug//libmetal.a(tty.o)
                0x0000000020401f8e                metal_tty_putc
 .text.metal_tty_putc_raw
                0x0000000020401fba       0x26 /home/khj/Desktop/hello_standalone/bsp/install/lib/debug//libmetal.a(tty.o)
                0x0000000020401fba                metal_tty_putc_raw
 .text.metal_uart_init
                0x0000000020401fe0       0x2c /home/khj/Desktop/hello_standalone/bsp/install/lib/debug//libmetal.a(uart.o)
                0x0000000020401fe0                metal_uart_init
 .text.metal_uart_putc
                0x000000002040200c       0x2e /home/khj/Desktop/hello_standalone/bsp/install/lib/debug//libmetal.a(uart.o)
                0x000000002040200c                metal_uart_putc
 .text.metal_uart_set_baud_rate
                0x000000002040203a       0x2e /home/khj/Desktop/hello_standalone/bsp/install/lib/debug//libmetal.a(uart.o)
                0x000000002040203a                metal_uart_set_baud_rate
 .text.__metal_driver_sifive_clint0_control_base
                0x0000000020402068       0x26 /home/khj/Desktop/hello_standalone/bsp/install/lib/debug//libmetal.a(riscv_clint0.o)
 .text.__metal_driver_sifive_clint0_num_interrupts
                0x000000002040208e       0x24 /home/khj/Desktop/hello_standalone/bsp/install/lib/debug//libmetal.a(riscv_clint0.o)
 .text.__metal_driver_sifive_clint0_interrupt_parents
                0x00000000204020b2       0x3c /home/khj/Desktop/hello_standalone/bsp/install/lib/debug//libmetal.a(riscv_clint0.o)
 .text.__metal_driver_sifive_clint0_interrupt_lines
                0x00000000204020ee       0x30 /home/khj/Desktop/hello_standalone/bsp/install/lib/debug//libmetal.a(riscv_clint0.o)
 .text.__metal_clint0_mtime_get
                0x000000002040211e       0x9a /home/khj/Desktop/hello_standalone/bsp/install/lib/debug//libmetal.a(riscv_clint0.o)
                0x000000002040211e                __metal_clint0_mtime_get
 .text.__metal_driver_riscv_clint0_mtimecmp_set
                0x00000000204021b8       0x96 /home/khj/Desktop/hello_standalone/bsp/install/lib/debug//libmetal.a(riscv_clint0.o)
                0x00000000204021b8                __metal_driver_riscv_clint0_mtimecmp_set
 .text._get_cpu_intc
                0x000000002040224e       0x36 /home/khj/Desktop/hello_standalone/bsp/install/lib/debug//libmetal.a(riscv_clint0.o)
 .text.__metal_driver_riscv_clint0_init
                0x0000000020402284       0x88 /home/khj/Desktop/hello_standalone/bsp/install/lib/debug//libmetal.a(riscv_clint0.o)
                0x0000000020402284                __metal_driver_riscv_clint0_init
 .text.__metal_driver_riscv_clint0_register
                0x000000002040230c       0xda /home/khj/Desktop/hello_standalone/bsp/install/lib/debug//libmetal.a(riscv_clint0.o)
                0x000000002040230c                __metal_driver_riscv_clint0_register
 .text.__metal_driver_riscv_clint0_vector_register
                0x00000000204023e6       0x28 /home/khj/Desktop/hello_standalone/bsp/install/lib/debug//libmetal.a(riscv_clint0.o)
                0x00000000204023e6                __metal_driver_riscv_clint0_vector_register
 .text.__metal_driver_riscv_clint0_get_vector_mode
                0x000000002040240e       0x1c /home/khj/Desktop/hello_standalone/bsp/install/lib/debug//libmetal.a(riscv_clint0.o)
                0x000000002040240e                __metal_driver_riscv_clint0_get_vector_mode
 .text.__metal_driver_riscv_clint0_set_vector_mode
                0x000000002040242a       0x58 /home/khj/Desktop/hello_standalone/bsp/install/lib/debug//libmetal.a(riscv_clint0.o)
                0x000000002040242a                __metal_driver_riscv_clint0_set_vector_mode
 .text.__metal_driver_riscv_clint0_enable
                0x0000000020402482       0xb2 /home/khj/Desktop/hello_standalone/bsp/install/lib/debug//libmetal.a(riscv_clint0.o)
                0x0000000020402482                __metal_driver_riscv_clint0_enable
 .text.__metal_driver_riscv_clint0_disable
                0x0000000020402534       0xb2 /home/khj/Desktop/hello_standalone/bsp/install/lib/debug//libmetal.a(riscv_clint0.o)
                0x0000000020402534                __metal_driver_riscv_clint0_disable
 .text.__metal_driver_riscv_clint0_command_request
                0x00000000204025e6      0x132 /home/khj/Desktop/hello_standalone/bsp/install/lib/debug//libmetal.a(riscv_clint0.o)
                0x00000000204025e6                __metal_driver_riscv_clint0_command_request
 .text.__metal_driver_riscv_clint0_clear_interrupt
                0x0000000020402718       0x34 /home/khj/Desktop/hello_standalone/bsp/install/lib/debug//libmetal.a(riscv_clint0.o)
                0x0000000020402718                __metal_driver_riscv_clint0_clear_interrupt
 .text.__metal_driver_riscv_clint0_set_interrupt
                0x000000002040274c       0x34 /home/khj/Desktop/hello_standalone/bsp/install/lib/debug//libmetal.a(riscv_clint0.o)
                0x000000002040274c                __metal_driver_riscv_clint0_set_interrupt
 .text.__metal_driver_cpu_hartid
                0x0000000020402780       0x24 /home/khj/Desktop/hello_standalone/bsp/install/lib/debug//libmetal.a(riscv_cpu.o)
 .text.__metal_driver_cpu_timebase
                0x00000000204027a4       0x2a /home/khj/Desktop/hello_standalone/bsp/install/lib/debug//libmetal.a(riscv_cpu.o)
 .text.__metal_driver_cpu_interrupt_controller
                0x00000000204027ce       0x2a /home/khj/Desktop/hello_standalone/bsp/install/lib/debug//libmetal.a(riscv_cpu.o)
 .text.__metal_driver_cpu_buserror
                0x00000000204027f8       0x24 /home/khj/Desktop/hello_standalone/bsp/install/lib/debug//libmetal.a(riscv_cpu.o)
 .text.__metal_driver_cpu_get
                0x000000002040281c       0x2c /home/khj/Desktop/hello_standalone/bsp/install/lib/debug//libmetal.a(riscv_cpu.o)
                0x000000002040281c                __metal_driver_cpu_get
 .text.__metal_myhart_id
                0x0000000020402848       0x1a /home/khj/Desktop/hello_standalone/bsp/install/lib/debug//libmetal.a(riscv_cpu.o)
                0x0000000020402848                __metal_myhart_id
 .text.__metal_interrupt_global_enable
                0x0000000020402862       0x18 /home/khj/Desktop/hello_standalone/bsp/install/lib/debug//libmetal.a(riscv_cpu.o)
                0x0000000020402862                __metal_interrupt_global_enable
 .text.__metal_interrupt_global_disable
                0x000000002040287a       0x18 /home/khj/Desktop/hello_standalone/bsp/install/lib/debug//libmetal.a(riscv_cpu.o)
                0x000000002040287a                __metal_interrupt_global_disable
 .text.__metal_interrupt_software_enable
                0x0000000020402892       0x18 /home/khj/Desktop/hello_standalone/bsp/install/lib/debug//libmetal.a(riscv_cpu.o)
                0x0000000020402892                __metal_interrupt_software_enable
 .text.__metal_interrupt_software_disable
                0x00000000204028aa       0x18 /home/khj/Desktop/hello_standalone/bsp/install/lib/debug//libmetal.a(riscv_cpu.o)
                0x00000000204028aa                __metal_interrupt_software_disable
 .text.__metal_interrupt_timer_enable
                0x00000000204028c2       0x1a /home/khj/Desktop/hello_standalone/bsp/install/lib/debug//libmetal.a(riscv_cpu.o)
                0x00000000204028c2                __metal_interrupt_timer_enable
 .text.__metal_interrupt_timer_disable
                0x00000000204028dc       0x1a /home/khj/Desktop/hello_standalone/bsp/install/lib/debug//libmetal.a(riscv_cpu.o)
                0x00000000204028dc                __metal_interrupt_timer_disable
 .text.__metal_interrupt_external_enable
                0x00000000204028f6       0x1c /home/khj/Desktop/hello_standalone/bsp/install/lib/debug//libmetal.a(riscv_cpu.o)
                0x00000000204028f6                __metal_interrupt_external_enable
 .text.__metal_interrupt_external_disable
                0x0000000020402912       0x1c /home/khj/Desktop/hello_standalone/bsp/install/lib/debug//libmetal.a(riscv_cpu.o)
                0x0000000020402912                __metal_interrupt_external_disable
 .text.__metal_interrupt_local_enable
                0x000000002040292e       0x2c /home/khj/Desktop/hello_standalone/bsp/install/lib/debug//libmetal.a(riscv_cpu.o)
                0x000000002040292e                __metal_interrupt_local_enable
 .text.__metal_interrupt_local_disable
                0x000000002040295a       0x2c /home/khj/Desktop/hello_standalone/bsp/install/lib/debug//libmetal.a(riscv_cpu.o)
                0x000000002040295a                __metal_interrupt_local_disable
 .text.__metal_default_exception_handler
                0x0000000020402986       0x18 /home/khj/Desktop/hello_standalone/bsp/install/lib/debug//libmetal.a(riscv_cpu.o)
                0x0000000020402986                __metal_default_exception_handler
 .text.__metal_default_interrupt_handler
                0x000000002040299e       0x18 /home/khj/Desktop/hello_standalone/bsp/install/lib/debug//libmetal.a(riscv_cpu.o)
                0x000000002040299e                __metal_default_interrupt_handler
 .text.metal_interrupt_vector_handler
                0x00000000204029b6       0x2e /home/khj/Desktop/hello_standalone/bsp/install/lib/debug//libmetal.a(riscv_cpu.o)
                0x00000000204029b6                metal_interrupt_vector_handler
 .text.metal_software_interrupt_vector_handler
                0x00000000204029e4       0x8e /home/khj/Desktop/hello_standalone/bsp/install/lib/debug//libmetal.a(riscv_cpu.o)
                0x00000000204029e4                metal_software_interrupt_vector_handler
 .text.__metal_default_sw_handler
                0x0000000020402a72       0x64 /home/khj/Desktop/hello_standalone/bsp/install/lib/debug//libmetal.a(riscv_cpu.o)
                0x0000000020402a72                __metal_default_sw_handler
 .text.metal_timer_interrupt_vector_handler
                0x0000000020402ad6       0x8e /home/khj/Desktop/hello_standalone/bsp/install/lib/debug//libmetal.a(riscv_cpu.o)
                0x0000000020402ad6                metal_timer_interrupt_vector_handler
 .text.__metal_default_beu_handler
                0x0000000020402b64       0x16 /home/khj/Desktop/hello_standalone/bsp/install/lib/debug//libmetal.a(riscv_cpu.o)
                0x0000000020402b64                __metal_default_beu_handler
 .text.__metal_default_timer_handler
                0x0000000020402b7a       0x66 /home/khj/Desktop/hello_standalone/bsp/install/lib/debug//libmetal.a(riscv_cpu.o)
                0x0000000020402b7a                __metal_default_timer_handler
 *fill*         0x0000000020402be0       0x20 
 .text.__metal_exception_handler
                0x0000000020402c00      0x1f2 /home/khj/Desktop/hello_standalone/bsp/install/lib/debug//libmetal.a(riscv_cpu.o)
                0x0000000020402c00                __metal_exception_handler
 .text.metal_lc0_interrupt_vector_handler
                0x0000000020402df2       0x92 /home/khj/Desktop/hello_standalone/bsp/install/lib/debug//libmetal.a(riscv_cpu.o)
                0x0000000020402df2                metal_lc0_interrupt_vector_handler
 .text.metal_lc1_interrupt_vector_handler
                0x0000000020402e84       0x92 /home/khj/Desktop/hello_standalone/bsp/install/lib/debug//libmetal.a(riscv_cpu.o)
                0x0000000020402e84                metal_lc1_interrupt_vector_handler
 .text.metal_lc2_interrupt_vector_handler
                0x0000000020402f16       0x92 /home/khj/Desktop/hello_standalone/bsp/install/lib/debug//libmetal.a(riscv_cpu.o)
                0x0000000020402f16                metal_lc2_interrupt_vector_handler
 .text.metal_lc3_interrupt_vector_handler
                0x0000000020402fa8       0x92 /home/khj/Desktop/hello_standalone/bsp/install/lib/debug//libmetal.a(riscv_cpu.o)
                0x0000000020402fa8                metal_lc3_interrupt_vector_handler
 .text.metal_lc4_interrupt_vector_handler
                0x000000002040303a       0x92 /home/khj/Desktop/hello_standalone/bsp/install/lib/debug//libmetal.a(riscv_cpu.o)
                0x000000002040303a                metal_lc4_interrupt_vector_handler
 .text.metal_lc5_interrupt_vector_handler
                0x00000000204030cc       0x92 /home/khj/Desktop/hello_standalone/bsp/install/lib/debug//libmetal.a(riscv_cpu.o)
                0x00000000204030cc                metal_lc5_interrupt_vector_handler
 .text.metal_lc6_interrupt_vector_handler
                0x000000002040315e       0x92 /home/khj/Desktop/hello_standalone/bsp/install/lib/debug//libmetal.a(riscv_cpu.o)
                0x000000002040315e                metal_lc6_interrupt_vector_handler
 .text.metal_lc7_interrupt_vector_handler
                0x00000000204031f0       0x92 /home/khj/Desktop/hello_standalone/bsp/install/lib/debug//libmetal.a(riscv_cpu.o)
                0x00000000204031f0                metal_lc7_interrupt_vector_handler
 .text.metal_lc8_interrupt_vector_handler
                0x0000000020403282       0x92 /home/khj/Desktop/hello_standalone/bsp/install/lib/debug//libmetal.a(riscv_cpu.o)
                0x0000000020403282                metal_lc8_interrupt_vector_handler
 .text.metal_lc9_interrupt_vector_handler
                0x0000000020403314       0x92 /home/khj/Desktop/hello_standalone/bsp/install/lib/debug//libmetal.a(riscv_cpu.o)
                0x0000000020403314                metal_lc9_interrupt_vector_handler
 .text.metal_lc10_interrupt_vector_handler
                0x00000000204033a6       0x92 /home/khj/Desktop/hello_standalone/bsp/install/lib/debug//libmetal.a(riscv_cpu.o)
                0x00000000204033a6                metal_lc10_interrupt_vector_handler
 .text.metal_lc11_interrupt_vector_handler
                0x0000000020403438       0x92 /home/khj/Desktop/hello_standalone/bsp/install/lib/debug//libmetal.a(riscv_cpu.o)
                0x0000000020403438                metal_lc11_interrupt_vector_handler
 .text.metal_lc12_interrupt_vector_handler
                0x00000000204034ca       0x92 /home/khj/Desktop/hello_standalone/bsp/install/lib/debug//libmetal.a(riscv_cpu.o)
                0x00000000204034ca                metal_lc12_interrupt_vector_handler
 .text.metal_lc13_interrupt_vector_handler
                0x000000002040355c       0x92 /home/khj/Desktop/hello_standalone/bsp/install/lib/debug//libmetal.a(riscv_cpu.o)
                0x000000002040355c                metal_lc13_interrupt_vector_handler
 .text.metal_lc14_interrupt_vector_handler
                0x00000000204035ee       0x92 /home/khj/Desktop/hello_standalone/bsp/install/lib/debug//libmetal.a(riscv_cpu.o)
                0x00000000204035ee                metal_lc14_interrupt_vector_handler
 .text.metal_lc15_interrupt_vector_handler
                0x0000000020403680       0x92 /home/khj/Desktop/hello_standalone/bsp/install/lib/debug//libmetal.a(riscv_cpu.o)
                0x0000000020403680                metal_lc15_interrupt_vector_handler
 .text.__metal_controller_interrupt_vector_mode
                0x0000000020403712       0x50 /home/khj/Desktop/hello_standalone/bsp/install/lib/debug//libmetal.a(riscv_cpu.o)
                0x0000000020403712                __metal_controller_interrupt_vector_mode
 .text.__metal_controller_interrupt_vector
                0x0000000020403762       0x98 /home/khj/Desktop/hello_standalone/bsp/install/lib/debug//libmetal.a(riscv_cpu.o)
                0x0000000020403762                __metal_controller_interrupt_vector
 .text.__metal_valid_interrupt_id
                0x00000000204037fa       0x64 /home/khj/Desktop/hello_standalone/bsp/install/lib/debug//libmetal.a(riscv_cpu.o)
                0x00000000204037fa                __metal_valid_interrupt_id
 .text.__metal_local_interrupt_enable
                0x000000002040385e       0xbc /home/khj/Desktop/hello_standalone/bsp/install/lib/debug//libmetal.a(riscv_cpu.o)
                0x000000002040385e                __metal_local_interrupt_enable
 .text.__metal_exception_register
                0x000000002040391a       0x4e /home/khj/Desktop/hello_standalone/bsp/install/lib/debug//libmetal.a(riscv_cpu.o)
                0x000000002040391a                __metal_exception_register
 .text.__metal_driver_riscv_cpu_controller_interrupt_init
                0x0000000020403968       0xe2 /home/khj/Desktop/hello_standalone/bsp/install/lib/debug//libmetal.a(riscv_cpu.o)
                0x0000000020403968                __metal_driver_riscv_cpu_controller_interrupt_init
 .text.__metal_driver_riscv_cpu_controller_interrupt_register
                0x0000000020403a4a      0x1d6 /home/khj/Desktop/hello_standalone/bsp/install/lib/debug//libmetal.a(riscv_cpu.o)
                0x0000000020403a4a                __metal_driver_riscv_cpu_controller_interrupt_register
 .text.__metal_driver_riscv_cpu_controller_interrupt_enable
                0x0000000020403c20       0x2a /home/khj/Desktop/hello_standalone/bsp/install/lib/debug//libmetal.a(riscv_cpu.o)
                0x0000000020403c20                __metal_driver_riscv_cpu_controller_interrupt_enable
 .text.__metal_driver_riscv_cpu_controller_interrupt_disable
                0x0000000020403c4a       0x2a /home/khj/Desktop/hello_standalone/bsp/install/lib/debug//libmetal.a(riscv_cpu.o)
                0x0000000020403c4a                __metal_driver_riscv_cpu_controller_interrupt_disable
 .text.__metal_driver_riscv_cpu_controller_get_vector_mode
                0x0000000020403c74       0x1c /home/khj/Desktop/hello_standalone/bsp/install/lib/debug//libmetal.a(riscv_cpu.o)
                0x0000000020403c74                __metal_driver_riscv_cpu_controller_get_vector_mode
 .text.__metal_driver_riscv_cpu_controller_set_vector_mode
                0x0000000020403c90       0x54 /home/khj/Desktop/hello_standalone/bsp/install/lib/debug//libmetal.a(riscv_cpu.o)
                0x0000000020403c90                __metal_driver_riscv_cpu_controller_set_vector_mode
 .text.__metal_driver_riscv_cpu_controller_command_request
                0x0000000020403ce4       0x1c /home/khj/Desktop/hello_standalone/bsp/install/lib/debug//libmetal.a(riscv_cpu.o)
                0x0000000020403ce4                __metal_driver_riscv_cpu_controller_command_request
 .text.__metal_driver_cpu_mcycle_get
                0x0000000020403d00       0x72 /home/khj/Desktop/hello_standalone/bsp/install/lib/debug//libmetal.a(riscv_cpu.o)
                0x0000000020403d00                __metal_driver_cpu_mcycle_get
 .text.__metal_driver_cpu_timebase_get
                0x0000000020403d72       0x46 /home/khj/Desktop/hello_standalone/bsp/install/lib/debug//libmetal.a(riscv_cpu.o)
                0x0000000020403d72                __metal_driver_cpu_timebase_get
 .text.__metal_driver_cpu_mtime_get
                0x0000000020403db8       0x66 /home/khj/Desktop/hello_standalone/bsp/install/lib/debug//libmetal.a(riscv_cpu.o)
                0x0000000020403db8                __metal_driver_cpu_mtime_get
 .text.__metal_driver_cpu_mtimecmp_set
                0x0000000020403e1e       0x76 /home/khj/Desktop/hello_standalone/bsp/install/lib/debug//libmetal.a(riscv_cpu.o)
                0x0000000020403e1e                __metal_driver_cpu_mtimecmp_set
 .text.__metal_driver_cpu_timer_controller_interrupt
                0x0000000020403e94       0x16 /home/khj/Desktop/hello_standalone/bsp/install/lib/debug//libmetal.a(riscv_cpu.o)
                0x0000000020403e94                __metal_driver_cpu_timer_controller_interrupt
 .text.__metal_driver_cpu_get_timer_interrupt_id
                0x0000000020403eaa       0x14 /home/khj/Desktop/hello_standalone/bsp/install/lib/debug//libmetal.a(riscv_cpu.o)
                0x0000000020403eaa                __metal_driver_cpu_get_timer_interrupt_id
 .text.__metal_driver_cpu_sw_controller_interrupt
                0x0000000020403ebe       0x16 /home/khj/Desktop/hello_standalone/bsp/install/lib/debug//libmetal.a(riscv_cpu.o)
                0x0000000020403ebe                __metal_driver_cpu_sw_controller_interrupt
 .text.__metal_driver_cpu_get_sw_interrupt_id
                0x0000000020403ed4       0x14 /home/khj/Desktop/hello_standalone/bsp/install/lib/debug//libmetal.a(riscv_cpu.o)
                0x0000000020403ed4                __metal_driver_cpu_get_sw_interrupt_id
 .text.__metal_driver_cpu_set_sw_ipi
                0x0000000020403ee8       0x62 /home/khj/Desktop/hello_standalone/bsp/install/lib/debug//libmetal.a(riscv_cpu.o)
                0x0000000020403ee8                __metal_driver_cpu_set_sw_ipi
 .text.__metal_driver_cpu_clear_sw_ipi
                0x0000000020403f4a       0x62 /home/khj/Desktop/hello_standalone/bsp/install/lib/debug//libmetal.a(riscv_cpu.o)
                0x0000000020403f4a                __metal_driver_cpu_clear_sw_ipi
 .text.__metal_driver_cpu_get_msip
                0x0000000020403fac       0x60 /home/khj/Desktop/hello_standalone/bsp/install/lib/debug//libmetal.a(riscv_cpu.o)
                0x0000000020403fac                __metal_driver_cpu_get_msip
 .text.__metal_driver_cpu_controller_interrupt
                0x000000002040400c       0x20 /home/khj/Desktop/hello_standalone/bsp/install/lib/debug//libmetal.a(riscv_cpu.o)
                0x000000002040400c                __metal_driver_cpu_controller_interrupt
 .text.__metal_driver_cpu_exception_register
                0x000000002040402c       0x46 /home/khj/Desktop/hello_standalone/bsp/install/lib/debug//libmetal.a(riscv_cpu.o)
                0x000000002040402c                __metal_driver_cpu_exception_register
 .text.__metal_driver_cpu_get_instruction_length
                0x0000000020404072       0x2e /home/khj/Desktop/hello_standalone/bsp/install/lib/debug//libmetal.a(riscv_cpu.o)
                0x0000000020404072                __metal_driver_cpu_get_instruction_length
 .text.__metal_driver_cpu_get_exception_pc
                0x00000000204040a0       0x1e /home/khj/Desktop/hello_standalone/bsp/install/lib/debug//libmetal.a(riscv_cpu.o)
                0x00000000204040a0                __metal_driver_cpu_get_exception_pc
 .text.__metal_driver_cpu_set_exception_pc
                0x00000000204040be       0x20 /home/khj/Desktop/hello_standalone/bsp/install/lib/debug//libmetal.a(riscv_cpu.o)
                0x00000000204040be                __metal_driver_cpu_set_exception_pc
 .text.__metal_driver_cpu_get_buserror
                0x00000000204040de       0x20 /home/khj/Desktop/hello_standalone/bsp/install/lib/debug//libmetal.a(riscv_cpu.o)
                0x00000000204040de                __metal_driver_cpu_get_buserror
 .text.__metal_driver_sifive_plic0_control_base
                0x00000000204040fe       0x2a /home/khj/Desktop/hello_standalone/bsp/install/lib/debug//libmetal.a(riscv_plic0.o)
 .text.__metal_driver_sifive_plic0_num_interrupts
                0x0000000020404128       0x28 /home/khj/Desktop/hello_standalone/bsp/install/lib/debug//libmetal.a(riscv_plic0.o)
 .text.__metal_driver_sifive_plic0_max_priority
                0x0000000020404150       0x28 /home/khj/Desktop/hello_standalone/bsp/install/lib/debug//libmetal.a(riscv_plic0.o)
 .text.__metal_driver_sifive_plic0_interrupt_parents
                0x0000000020404178       0x28 /home/khj/Desktop/hello_standalone/bsp/install/lib/debug//libmetal.a(riscv_plic0.o)
 .text.__metal_driver_sifive_plic0_interrupt_lines
                0x00000000204041a0       0x22 /home/khj/Desktop/hello_standalone/bsp/install/lib/debug//libmetal.a(riscv_plic0.o)
 .text.__metal_driver_sifive_plic0_context_ids
                0x00000000204041c2       0x1e /home/khj/Desktop/hello_standalone/bsp/install/lib/debug//libmetal.a(riscv_plic0.o)
 .text.__metal_plic0_claim_interrupt
                0x00000000204041e0       0x3c /home/khj/Desktop/hello_standalone/bsp/install/lib/debug//libmetal.a(riscv_plic0.o)
                0x00000000204041e0                __metal_plic0_claim_interrupt
 .text.__metal_plic0_complete_interrupt
                0x000000002040421c       0x46 /home/khj/Desktop/hello_standalone/bsp/install/lib/debug//libmetal.a(riscv_plic0.o)
                0x000000002040421c                __metal_plic0_complete_interrupt
 .text.__metal_plic0_set_threshold
                0x0000000020404262       0x46 /home/khj/Desktop/hello_standalone/bsp/install/lib/debug//libmetal.a(riscv_plic0.o)
                0x0000000020404262                __metal_plic0_set_threshold
 .text.__metal_plic0_get_threshold
                0x00000000204042a8       0x3a /home/khj/Desktop/hello_standalone/bsp/install/lib/debug//libmetal.a(riscv_plic0.o)
                0x00000000204042a8                __metal_plic0_get_threshold
 .text.__metal_driver_riscv_plic0_set_priority
                0x00000000204042e2       0x62 /home/khj/Desktop/hello_standalone/bsp/install/lib/debug//libmetal.a(riscv_plic0.o)
                0x00000000204042e2                __metal_driver_riscv_plic0_set_priority
 .text.__metal_driver_riscv_plic0_get_priority
                0x0000000020404344       0x34 /home/khj/Desktop/hello_standalone/bsp/install/lib/debug//libmetal.a(riscv_plic0.o)
                0x0000000020404344                __metal_driver_riscv_plic0_get_priority
 .text.__metal_plic0_enable
                0x0000000020404378       0xa2 /home/khj/Desktop/hello_standalone/bsp/install/lib/debug//libmetal.a(riscv_plic0.o)
                0x0000000020404378                __metal_plic0_enable
 .text.__metal_plic0_default_handler
                0x000000002040441a       0x18 /home/khj/Desktop/hello_standalone/bsp/install/lib/debug//libmetal.a(riscv_plic0.o)
                0x000000002040441a                __metal_plic0_default_handler
 .text.__metal_plic0_handler
                0x0000000020404432       0xa4 /home/khj/Desktop/hello_standalone/bsp/install/lib/debug//libmetal.a(riscv_plic0.o)
                0x0000000020404432                __metal_plic0_handler
 .text.__metal_driver_riscv_plic0_init
                0x00000000204044d6      0x150 /home/khj/Desktop/hello_standalone/bsp/install/lib/debug//libmetal.a(riscv_plic0.o)
                0x00000000204044d6                __metal_driver_riscv_plic0_init
 .text.__metal_driver_riscv_plic0_register
                0x0000000020404626       0xc0 /home/khj/Desktop/hello_standalone/bsp/install/lib/debug//libmetal.a(riscv_plic0.o)
                0x0000000020404626                __metal_driver_riscv_plic0_register
 .text.__metal_driver_riscv_plic0_enable
                0x00000000204046e6       0x50 /home/khj/Desktop/hello_standalone/bsp/install/lib/debug//libmetal.a(riscv_plic0.o)
                0x00000000204046e6                __metal_driver_riscv_plic0_enable
 .text.__metal_driver_riscv_plic0_disable
                0x0000000020404736       0x50 /home/khj/Desktop/hello_standalone/bsp/install/lib/debug//libmetal.a(riscv_plic0.o)
                0x0000000020404736                __metal_driver_riscv_plic0_disable
 .text.__metal_driver_riscv_plic0_set_threshold
                0x0000000020404786       0x30 /home/khj/Desktop/hello_standalone/bsp/install/lib/debug//libmetal.a(riscv_plic0.o)
                0x0000000020404786                __metal_driver_riscv_plic0_set_threshold
 .text.__metal_driver_riscv_plic0_get_threshold
                0x00000000204047b6       0x28 /home/khj/Desktop/hello_standalone/bsp/install/lib/debug//libmetal.a(riscv_plic0.o)
                0x00000000204047b6                __metal_driver_riscv_plic0_get_threshold
 .text.__metal_driver_riscv_plic0_affinity_enable
                0x00000000204047de       0x9c /home/khj/Desktop/hello_standalone/bsp/install/lib/debug//libmetal.a(riscv_plic0.o)
                0x00000000204047de                __metal_driver_riscv_plic0_affinity_enable
 .text.__metal_driver_riscv_plic0_affinity_disable
                0x000000002040487a       0x9c /home/khj/Desktop/hello_standalone/bsp/install/lib/debug//libmetal.a(riscv_plic0.o)
                0x000000002040487a                __metal_driver_riscv_plic0_affinity_disable
 .text.__metal_driver_riscv_plic0_affinity_set_threshold
                0x0000000020404916       0x74 /home/khj/Desktop/hello_standalone/bsp/install/lib/debug//libmetal.a(riscv_plic0.o)
                0x0000000020404916                __metal_driver_riscv_plic0_affinity_set_threshold
 .text.__metal_driver_riscv_plic0_affinity_get_threshold
                0x000000002040498a       0x28 /home/khj/Desktop/hello_standalone/bsp/install/lib/debug//libmetal.a(riscv_plic0.o)
                0x000000002040498a                __metal_driver_riscv_plic0_affinity_get_threshold
 .text.__metal_driver_sifive_fe310_g000_hfrosc_ref
                0x00000000204049b2       0x1a /home/khj/Desktop/hello_standalone/bsp/install/lib/debug//libmetal.a(sifive_fe310-g000_hfrosc.o)
 .text.__metal_driver_sifive_fe310_g000_hfrosc_config_base
                0x00000000204049cc       0x16 /home/khj/Desktop/hello_standalone/bsp/install/lib/debug//libmetal.a(sifive_fe310-g000_hfrosc.o)
 .text.__metal_driver_sifive_fe310_g000_hfrosc_config_offset
                0x00000000204049e2       0x14 /home/khj/Desktop/hello_standalone/bsp/install/lib/debug//libmetal.a(sifive_fe310-g000_hfrosc.o)
 .text.__metal_driver_sifive_fe310_g000_prci_vtable
                0x00000000204049f6       0x12 /home/khj/Desktop/hello_standalone/bsp/install/lib/debug//libmetal.a(sifive_fe310-g000_hfrosc.o)
 .text.__metal_driver_sifive_fe310_g000_hfrosc_get_rate_hz
                0x0000000020404a08       0x84 /home/khj/Desktop/hello_standalone/bsp/install/lib/debug//libmetal.a(sifive_fe310-g000_hfrosc.o)
                0x0000000020404a08                __metal_driver_sifive_fe310_g000_hfrosc_get_rate_hz
 .text.__metal_driver_sifive_fe310_g000_hfrosc_set_rate_hz
                0x0000000020404a8c       0x22 /home/khj/Desktop/hello_standalone/bsp/install/lib/debug//libmetal.a(sifive_fe310-g000_hfrosc.o)
                0x0000000020404a8c                __metal_driver_sifive_fe310_g000_hfrosc_set_rate_hz
 .text.__metal_driver_sifive_fe310_g000_hfxosc_ref
                0x0000000020404aae       0x1a /home/khj/Desktop/hello_standalone/bsp/install/lib/debug//libmetal.a(sifive_fe310-g000_hfxosc.o)
 .text.__metal_driver_sifive_fe310_g000_hfxosc_config_base
                0x0000000020404ac8       0x16 /home/khj/Desktop/hello_standalone/bsp/install/lib/debug//libmetal.a(sifive_fe310-g000_hfxosc.o)
 .text.__metal_driver_sifive_fe310_g000_hfxosc_config_offset
                0x0000000020404ade       0x14 /home/khj/Desktop/hello_standalone/bsp/install/lib/debug//libmetal.a(sifive_fe310-g000_hfxosc.o)
 .text.__metal_driver_sifive_fe310_g000_prci_vtable
                0x0000000020404af2       0x12 /home/khj/Desktop/hello_standalone/bsp/install/lib/debug//libmetal.a(sifive_fe310-g000_hfxosc.o)
 .text.__metal_driver_sifive_fe310_g000_hfxosc_get_rate_hz
                0x0000000020404b04       0x74 /home/khj/Desktop/hello_standalone/bsp/install/lib/debug//libmetal.a(sifive_fe310-g000_hfxosc.o)
                0x0000000020404b04                __metal_driver_sifive_fe310_g000_hfxosc_get_rate_hz
 .text.__metal_driver_sifive_fe310_g000_hfxosc_set_rate_hz
                0x0000000020404b78       0x22 /home/khj/Desktop/hello_standalone/bsp/install/lib/debug//libmetal.a(sifive_fe310-g000_hfxosc.o)
                0x0000000020404b78                __metal_driver_sifive_fe310_g000_hfxosc_set_rate_hz
 .text.__metal_driver_sifive_fe310_g000_pll_pllsel0
                0x0000000020404b9a       0x1a /home/khj/Desktop/hello_standalone/bsp/install/lib/debug//libmetal.a(sifive_fe310-g000_pll.o)
 .text.__metal_driver_sifive_fe310_g000_pll_pllref
                0x0000000020404bb4       0x1a /home/khj/Desktop/hello_standalone/bsp/install/lib/debug//libmetal.a(sifive_fe310-g000_pll.o)
 .text.__metal_driver_sifive_fe310_g000_pll_divider_base
                0x0000000020404bce       0x16 /home/khj/Desktop/hello_standalone/bsp/install/lib/debug//libmetal.a(sifive_fe310-g000_pll.o)
 .text.__metal_driver_sifive_fe310_g000_pll_divider_offset
                0x0000000020404be4       0x14 /home/khj/Desktop/hello_standalone/bsp/install/lib/debug//libmetal.a(sifive_fe310-g000_pll.o)
 .text.__metal_driver_sifive_fe310_g000_pll_config_base
                0x0000000020404bf8       0x12 /home/khj/Desktop/hello_standalone/bsp/install/lib/debug//libmetal.a(sifive_fe310-g000_pll.o)
 .text.__metal_driver_sifive_fe310_g000_pll_config_offset
                0x0000000020404c0a       0x10 /home/khj/Desktop/hello_standalone/bsp/install/lib/debug//libmetal.a(sifive_fe310-g000_pll.o)
 .text.__metal_driver_sifive_fe310_g000_pll_init_rate
                0x0000000020404c1a       0x16 /home/khj/Desktop/hello_standalone/bsp/install/lib/debug//libmetal.a(sifive_fe310-g000_pll.o)
 .text.__metal_driver_sifive_fe310_g000_prci_base
                0x0000000020404c30       0x12 /home/khj/Desktop/hello_standalone/bsp/install/lib/debug//libmetal.a(sifive_fe310-g000_pll.o)
 .text.__metal_driver_sifive_fe310_g000_prci_vtable
                0x0000000020404c42       0x12 /home/khj/Desktop/hello_standalone/bsp/install/lib/debug//libmetal.a(sifive_fe310-g000_pll.o)
 .text.get_pll_config_freq
                0x0000000020404c54       0x4e /home/khj/Desktop/hello_standalone/bsp/install/lib/debug//libmetal.a(sifive_fe310-g000_pll.o)
 .text.__metal_driver_sifive_fe310_g000_pll_init
                0x0000000020404ca2       0xa4 /home/khj/Desktop/hello_standalone/bsp/install/lib/debug//libmetal.a(sifive_fe310-g000_pll.o)
                0x0000000020404ca2                __metal_driver_sifive_fe310_g000_pll_init
 .text.__metal_driver_sifive_fe310_g000_pll_get_rate_hz
                0x0000000020404d46      0x170 /home/khj/Desktop/hello_standalone/bsp/install/lib/debug//libmetal.a(sifive_fe310-g000_pll.o)
                0x0000000020404d46                __metal_driver_sifive_fe310_g000_pll_get_rate_hz
 .text.find_closest_config
                0x0000000020404eb6       0xaa /home/khj/Desktop/hello_standalone/bsp/install/lib/debug//libmetal.a(sifive_fe310-g000_pll.o)
 .text.configure_pll
                0x0000000020404f60      0x1a4 /home/khj/Desktop/hello_standalone/bsp/install/lib/debug//libmetal.a(sifive_fe310-g000_pll.o)
 .text.__metal_driver_sifive_fe310_g000_pll_set_rate_hz
                0x0000000020405104      0x166 /home/khj/Desktop/hello_standalone/bsp/install/lib/debug//libmetal.a(sifive_fe310-g000_pll.o)
                0x0000000020405104                __metal_driver_sifive_fe310_g000_pll_set_rate_hz
 .text.__metal_driver_sifive_fe310_g000_prci_base
                0x000000002040526a       0x12 /home/khj/Desktop/hello_standalone/bsp/install/lib/debug//libmetal.a(sifive_fe310-g000_prci.o)
 .text.__metal_driver_sifive_fe310_g000_prci_get_reg
                0x000000002040527c       0x2e /home/khj/Desktop/hello_standalone/bsp/install/lib/debug//libmetal.a(sifive_fe310-g000_prci.o)
                0x000000002040527c                __metal_driver_sifive_fe310_g000_prci_get_reg
 .text.__metal_driver_sifive_fe310_g000_prci_set_reg
                0x00000000204052aa       0x38 /home/khj/Desktop/hello_standalone/bsp/install/lib/debug//libmetal.a(sifive_fe310-g000_prci.o)
                0x00000000204052aa                __metal_driver_sifive_fe310_g000_prci_set_reg
 .text.__metal_driver_sifive_gpio0_base
                0x00000000204052e2       0x26 /home/khj/Desktop/hello_standalone/bsp/install/lib/debug//libmetal.a(sifive_gpio0.o)
 .text.__metal_driver_sifive_gpio0_interrupt_parent
                0x0000000020405308       0x2a /home/khj/Desktop/hello_standalone/bsp/install/lib/debug//libmetal.a(sifive_gpio0.o)
 .text.__metal_driver_sifive_gpio0_interrupt_lines
                0x0000000020405332      0x1b4 /home/khj/Desktop/hello_standalone/bsp/install/lib/debug//libmetal.a(sifive_gpio0.o)
 .text.__metal_driver_sifive_gpio0_enable_input
                0x00000000204054e6       0x3e /home/khj/Desktop/hello_standalone/bsp/install/lib/debug//libmetal.a(sifive_gpio0.o)
                0x00000000204054e6                __metal_driver_sifive_gpio0_enable_input
 .text.__metal_driver_sifive_gpio0_disable_input
                0x0000000020405524       0x46 /home/khj/Desktop/hello_standalone/bsp/install/lib/debug//libmetal.a(sifive_gpio0.o)
                0x0000000020405524                __metal_driver_sifive_gpio0_disable_input
 .text.__metal_driver_sifive_gpio0_input
                0x000000002040556a       0x2a /home/khj/Desktop/hello_standalone/bsp/install/lib/debug//libmetal.a(sifive_gpio0.o)
                0x000000002040556a                __metal_driver_sifive_gpio0_input
 .text.__metal_driver_sifive_gpio0_output
                0x0000000020405594       0x2c /home/khj/Desktop/hello_standalone/bsp/install/lib/debug//libmetal.a(sifive_gpio0.o)
                0x0000000020405594                __metal_driver_sifive_gpio0_output
 .text.__metal_driver_sifive_gpio0_disable_output
                0x00000000204055c0       0x46 /home/khj/Desktop/hello_standalone/bsp/install/lib/debug//libmetal.a(sifive_gpio0.o)
                0x00000000204055c0                __metal_driver_sifive_gpio0_disable_output
 .text.__metal_driver_sifive_gpio0_enable_output
                0x0000000020405606       0x40 /home/khj/Desktop/hello_standalone/bsp/install/lib/debug//libmetal.a(sifive_gpio0.o)
                0x0000000020405606                __metal_driver_sifive_gpio0_enable_output
 .text.__metal_driver_sifive_gpio0_output_set
                0x0000000020405646       0x40 /home/khj/Desktop/hello_standalone/bsp/install/lib/debug//libmetal.a(sifive_gpio0.o)
                0x0000000020405646                __metal_driver_sifive_gpio0_output_set
 .text.__metal_driver_sifive_gpio0_output_clear
                0x0000000020405686       0x46 /home/khj/Desktop/hello_standalone/bsp/install/lib/debug//libmetal.a(sifive_gpio0.o)
                0x0000000020405686                __metal_driver_sifive_gpio0_output_clear
 .text.__metal_driver_sifive_gpio0_output_toggle
                0x00000000204056cc       0x40 /home/khj/Desktop/hello_standalone/bsp/install/lib/debug//libmetal.a(sifive_gpio0.o)
                0x00000000204056cc                __metal_driver_sifive_gpio0_output_toggle
 .text.__metal_driver_sifive_gpio0_enable_io
                0x000000002040570c       0x62 /home/khj/Desktop/hello_standalone/bsp/install/lib/debug//libmetal.a(sifive_gpio0.o)
                0x000000002040570c                __metal_driver_sifive_gpio0_enable_io
 .text.__metal_driver_sifive_gpio0_disable_io
                0x000000002040576e       0x4a /home/khj/Desktop/hello_standalone/bsp/install/lib/debug//libmetal.a(sifive_gpio0.o)
                0x000000002040576e                __metal_driver_sifive_gpio0_disable_io
 .text.__metal_driver_sifive_gpio0_config_int
                0x00000000204057b8      0x206 /home/khj/Desktop/hello_standalone/bsp/install/lib/debug//libmetal.a(sifive_gpio0.o)
                0x00000000204057b8                __metal_driver_sifive_gpio0_config_int
 .text.__metal_driver_sifive_gpio0_clear_int
                0x00000000204059be      0x188 /home/khj/Desktop/hello_standalone/bsp/install/lib/debug//libmetal.a(sifive_gpio0.o)
                0x00000000204059be                __metal_driver_sifive_gpio0_clear_int
 .text.__metal_driver_gpio_interrupt_controller
                0x0000000020405b46       0x20 /home/khj/Desktop/hello_standalone/bsp/install/lib/debug//libmetal.a(sifive_gpio0.o)
                0x0000000020405b46                __metal_driver_gpio_interrupt_controller
 .text.__metal_driver_gpio_get_interrupt_id
                0x0000000020405b66       0x2e /home/khj/Desktop/hello_standalone/bsp/install/lib/debug//libmetal.a(sifive_gpio0.o)
                0x0000000020405b66                __metal_driver_gpio_get_interrupt_id
 .text.__metal_driver_sifive_test0_base
                0x0000000020405b94       0x26 /home/khj/Desktop/hello_standalone/bsp/install/lib/debug//libmetal.a(sifive_test0.o)
 .text.__metal_driver_sifive_test0_exit
                0x0000000020405bba       0x4a /home/khj/Desktop/hello_standalone/bsp/install/lib/debug//libmetal.a(sifive_test0.o)
                0x0000000020405bba                __metal_driver_sifive_test0_exit
 .text.__metal_driver_sifive_uart0_control_base
                0x0000000020405c04       0x2a /home/khj/Desktop/hello_standalone/bsp/install/lib/debug//libmetal.a(sifive_uart0.o)
 .text.__metal_driver_sifive_uart0_interrupt_parent
                0x0000000020405c2e       0x2e /home/khj/Desktop/hello_standalone/bsp/install/lib/debug//libmetal.a(sifive_uart0.o)
 .text.__metal_driver_sifive_uart0_interrupt_line
                0x0000000020405c5c       0x28 /home/khj/Desktop/hello_standalone/bsp/install/lib/debug//libmetal.a(sifive_uart0.o)
 .text.__metal_driver_sifive_uart0_clock
                0x0000000020405c84       0x2e /home/khj/Desktop/hello_standalone/bsp/install/lib/debug//libmetal.a(sifive_uart0.o)
 .text.__metal_driver_sifive_uart0_pinmux
                0x0000000020405cb2       0x2a /home/khj/Desktop/hello_standalone/bsp/install/lib/debug//libmetal.a(sifive_uart0.o)
 .text.__metal_driver_sifive_uart0_pinmux_output_selector
                0x0000000020405cdc       0x28 /home/khj/Desktop/hello_standalone/bsp/install/lib/debug//libmetal.a(sifive_uart0.o)
 .text.__metal_driver_sifive_uart0_pinmux_source_selector
                0x0000000020405d04       0x2a /home/khj/Desktop/hello_standalone/bsp/install/lib/debug//libmetal.a(sifive_uart0.o)
 .text.__metal_driver_sifive_uart0_interrupt_controller
                0x0000000020405d2e       0x1e /home/khj/Desktop/hello_standalone/bsp/install/lib/debug//libmetal.a(sifive_uart0.o)
                0x0000000020405d2e                __metal_driver_sifive_uart0_interrupt_controller
 .text.__metal_driver_sifive_uart0_get_interrupt_id
                0x0000000020405d4c       0x1e /home/khj/Desktop/hello_standalone/bsp/install/lib/debug//libmetal.a(sifive_uart0.o)
                0x0000000020405d4c                __metal_driver_sifive_uart0_get_interrupt_id
 .text.__metal_driver_sifive_uart0_tx_interrupt_enable
                0x0000000020405d6a       0x38 /home/khj/Desktop/hello_standalone/bsp/install/lib/debug//libmetal.a(sifive_uart0.o)
                0x0000000020405d6a                __metal_driver_sifive_uart0_tx_interrupt_enable
 .text.__metal_driver_sifive_uart0_tx_interrupt_disable
                0x0000000020405da2       0x36 /home/khj/Desktop/hello_standalone/bsp/install/lib/debug//libmetal.a(sifive_uart0.o)
                0x0000000020405da2                __metal_driver_sifive_uart0_tx_interrupt_disable
 .text.__metal_driver_sifive_uart0_rx_interrupt_enable
                0x0000000020405dd8       0x3a /home/khj/Desktop/hello_standalone/bsp/install/lib/debug//libmetal.a(sifive_uart0.o)
                0x0000000020405dd8                __metal_driver_sifive_uart0_rx_interrupt_enable
 .text.__metal_driver_sifive_uart0_rx_interrupt_disable
                0x0000000020405e12       0x38 /home/khj/Desktop/hello_standalone/bsp/install/lib/debug//libmetal.a(sifive_uart0.o)
                0x0000000020405e12                __metal_driver_sifive_uart0_rx_interrupt_disable
 .text.__metal_driver_sifive_uart0_txready
                0x0000000020405e4a       0x30 /home/khj/Desktop/hello_standalone/bsp/install/lib/debug//libmetal.a(sifive_uart0.o)
                0x0000000020405e4a                __metal_driver_sifive_uart0_txready
 .text.__metal_driver_sifive_uart0_set_tx_watermark
                0x0000000020405e7a       0x4a /home/khj/Desktop/hello_standalone/bsp/install/lib/debug//libmetal.a(sifive_uart0.o)
                0x0000000020405e7a                __metal_driver_sifive_uart0_set_tx_watermark
 .text.__metal_driver_sifive_uart0_get_tx_watermark
                0x0000000020405ec4       0x30 /home/khj/Desktop/hello_standalone/bsp/install/lib/debug//libmetal.a(sifive_uart0.o)
                0x0000000020405ec4                __metal_driver_sifive_uart0_get_tx_watermark
 .text.__metal_driver_sifive_uart0_set_rx_watermark
                0x0000000020405ef4       0x4a /home/khj/Desktop/hello_standalone/bsp/install/lib/debug//libmetal.a(sifive_uart0.o)
                0x0000000020405ef4                __metal_driver_sifive_uart0_set_rx_watermark
 .text.__metal_driver_sifive_uart0_get_rx_watermark
                0x0000000020405f3e       0x30 /home/khj/Desktop/hello_standalone/bsp/install/lib/debug//libmetal.a(sifive_uart0.o)
                0x0000000020405f3e                __metal_driver_sifive_uart0_get_rx_watermark
 .text.__metal_driver_sifive_uart0_putc
                0x0000000020405f6e       0x40 /home/khj/Desktop/hello_standalone/bsp/install/lib/debug//libmetal.a(sifive_uart0.o)
                0x0000000020405f6e                __metal_driver_sifive_uart0_putc
 .text.__metal_driver_sifive_uart0_getc
                0x0000000020405fae       0x56 /home/khj/Desktop/hello_standalone/bsp/install/lib/debug//libmetal.a(sifive_uart0.o)
                0x0000000020405fae                __metal_driver_sifive_uart0_getc
 .text.__metal_driver_sifive_uart0_get_baud_rate
                0x0000000020406004       0x20 /home/khj/Desktop/hello_standalone/bsp/install/lib/debug//libmetal.a(sifive_uart0.o)
                0x0000000020406004                __metal_driver_sifive_uart0_get_baud_rate
 .text.__metal_driver_sifive_uart0_set_baud_rate
                0x0000000020406024       0xa0 /home/khj/Desktop/hello_standalone/bsp/install/lib/debug//libmetal.a(sifive_uart0.o)
                0x0000000020406024                __metal_driver_sifive_uart0_set_baud_rate
 .text.pre_rate_change_callback_func
                0x00000000204060c4       0xd8 /home/khj/Desktop/hello_standalone/bsp/install/lib/debug//libmetal.a(sifive_uart0.o)
 .text.post_rate_change_callback_func
                0x000000002040619c       0x30 /home/khj/Desktop/hello_standalone/bsp/install/lib/debug//libmetal.a(sifive_uart0.o)
 .text.__metal_driver_sifive_uart0_init
                0x00000000204061cc       0xd2 /home/khj/Desktop/hello_standalone/bsp/install/lib/debug//libmetal.a(sifive_uart0.o)
                0x00000000204061cc                __metal_driver_sifive_uart0_init
 .text._metal_clock_call_all_callbacks
                0x000000002040629e       0x40 /home/khj/Desktop/hello_standalone/bsp/install/lib/debug//libmetal.a(clock.o)
                0x000000002040629e                _metal_clock_call_all_callbacks
 .text._metal_clock_append_to_callbacks
                0x00000000204062de       0x54 /home/khj/Desktop/hello_standalone/bsp/install/lib/debug//libmetal.a(clock.o)
                0x00000000204062de                _metal_clock_append_to_callbacks
 .text.metal_clock_get_rate_hz
                0x0000000020406332       0x26 /home/khj/Desktop/hello_standalone/bsp/install/lib/debug//libmetal.a(clock.o)
                0x0000000020406332                metal_clock_get_rate_hz
 .text.metal_clock_set_rate_hz
                0x0000000020406358       0x48 /home/khj/Desktop/hello_standalone/bsp/install/lib/debug//libmetal.a(clock.o)
                0x0000000020406358                metal_clock_set_rate_hz
 .text.metal_clock_register_pre_rate_change_callback
                0x00000000204063a0       0x30 /home/khj/Desktop/hello_standalone/bsp/install/lib/debug//libmetal.a(clock.o)
                0x00000000204063a0                metal_clock_register_pre_rate_change_callback
 .text.metal_clock_register_post_rate_change_callback
                0x00000000204063d0       0x30 /home/khj/Desktop/hello_standalone/bsp/install/lib/debug//libmetal.a(clock.o)
                0x00000000204063d0                metal_clock_register_post_rate_change_callback
 .text.metal_cpu_interrupt_controller
                0x0000000020406400       0x26 /home/khj/Desktop/hello_standalone/bsp/install/lib/debug//libmetal.a(cpu.o)
                0x0000000020406400                metal_cpu_interrupt_controller
 .text.metal_cpu_get
                0x0000000020406426       0x2a /home/khj/Desktop/hello_standalone/bsp/install/lib/debug//libmetal.a(cpu.o)
                0x0000000020406426                metal_cpu_get
 .text.metal_cpu_get_current_hartid
                0x0000000020406450       0x1a /home/khj/Desktop/hello_standalone/bsp/install/lib/debug//libmetal.a(cpu.o)
                0x0000000020406450                metal_cpu_get_current_hartid
 .text.__metal_shutdown_exit
                0x000000002040646a       0x22 /home/khj/Desktop/hello_standalone/bsp/install/lib/debug//libmetal.a(shutdown.o)
                0x000000002040646a                __metal_shutdown_exit
 .text.metal_shutdown
                0x000000002040648c       0x16 /home/khj/Desktop/hello_standalone/bsp/install/lib/debug//libmetal.a(shutdown.o)
                0x000000002040648c                metal_shutdown
 *fill*         0x00000000204064a2       0x5e 
 .text          0x0000000020406500       0x80 /home/khj/Desktop/hello_standalone/bsp/install/lib/debug//libmetal.a(vector.o)
                0x0000000020406500                __metal_vector_table
 .text.__metal_driver_fixed_clock_rate
                0x0000000020406580       0x62 /home/khj/Desktop/hello_standalone/bsp/install/lib/debug//libmetal.a(fixed-clock.o)
 .text.__metal_driver_fixed_clock_get_rate_hz
                0x00000000204065e2       0x1e /home/khj/Desktop/hello_standalone/bsp/install/lib/debug//libmetal.a(fixed-clock.o)
                0x00000000204065e2                __metal_driver_fixed_clock_get_rate_hz
 .text.__metal_driver_fixed_clock_set_rate_hz
                0x0000000020406600       0x22 /home/khj/Desktop/hello_standalone/bsp/install/lib/debug//libmetal.a(fixed-clock.o)
                0x0000000020406600                __metal_driver_fixed_clock_set_rate_hz
 .text._exit    0x0000000020406622       0x14 /home/khj/Desktop/hello_standalone/bsp/install/lib/debug//libmetal-gloss.a(sys_exit.o)
                0x0000000020406622                _exit
 *(.gnu.linkonce.t.*)

.rela.dyn       0x0000000020406638        0x0
 .rela.text._sbrk_r
                0x0000000020406638        0x0 /tmp/cc9UTe5O.o
 .rela.text._write_r
                0x0000000020406638        0x0 /tmp/cc9UTe5O.o
 .rela.text._close_r
                0x0000000020406638        0x0 /tmp/cc9UTe5O.o
 .rela.text._fstat_r
                0x0000000020406638        0x0 /tmp/cc9UTe5O.o
 .rela.text._isatty_r
                0x0000000020406638        0x0 /tmp/cc9UTe5O.o
 .rela.text._lseek_r
                0x0000000020406638        0x0 /tmp/cc9UTe5O.o
 .rela.text._read_r
                0x0000000020406638        0x0 /tmp/cc9UTe5O.o
 .rela.text.metal.init.enter
                0x0000000020406638        0x0 /tmp/cc9UTe5O.o
 .rela.text.metal.init.scrub
                0x0000000020406638        0x0 /tmp/cc9UTe5O.o
 .rela.text.libgloss.start
                0x0000000020406638        0x0 /tmp/cc9UTe5O.o
 .rela.sdata.__brk
                0x0000000020406638        0x0 /tmp/cc9UTe5O.o
 .rela.text._sbrk
                0x0000000020406638        0x0 /tmp/cc9UTe5O.o
 .rela.text.__libc_fini_array
                0x0000000020406638        0x0 /tmp/cc9UTe5O.o
 .rela.text.__libc_init_array
                0x0000000020406638        0x0 /tmp/cc9UTe5O.o
 .rela.text.__register_exitproc
                0x0000000020406638        0x0 /tmp/cc9UTe5O.o
 .rela.text.metal_init
                0x0000000020406638        0x0 /tmp/cc9UTe5O.o
 .rela.text.metal_fini
                0x0000000020406638        0x0 /tmp/cc9UTe5O.o
 .rela.text.__metal_driver_cpu_get
                0x0000000020406638        0x0 /tmp/cc9UTe5O.o
 .rela.text.metal_software_interrupt_vector_handler
                0x0000000020406638        0x0 /tmp/cc9UTe5O.o
 .rela.text.__metal_default_sw_handler
                0x0000000020406638        0x0 /tmp/cc9UTe5O.o
 .rela.text.metal_timer_interrupt_vector_handler
                0x0000000020406638        0x0 /tmp/cc9UTe5O.o
 .rela.text.__metal_exception_handler
                0x0000000020406638        0x0 /tmp/cc9UTe5O.o
 .rela.text.metal_lc0_interrupt_vector_handler
                0x0000000020406638        0x0 /tmp/cc9UTe5O.o
 .rela.text.metal_lc1_interrupt_vector_handler
                0x0000000020406638        0x0 /tmp/cc9UTe5O.o
 .rela.text.metal_lc2_interrupt_vector_handler
                0x0000000020406638        0x0 /tmp/cc9UTe5O.o
 .rela.text.metal_lc3_interrupt_vector_handler
                0x0000000020406638        0x0 /tmp/cc9UTe5O.o
 .rela.text.metal_lc4_interrupt_vector_handler
                0x0000000020406638        0x0 /tmp/cc9UTe5O.o
 .rela.text.metal_lc5_interrupt_vector_handler
                0x0000000020406638        0x0 /tmp/cc9UTe5O.o
 .rela.text.metal_lc6_interrupt_vector_handler
                0x0000000020406638        0x0 /tmp/cc9UTe5O.o
 .rela.text.metal_lc7_interrupt_vector_handler
                0x0000000020406638        0x0 /tmp/cc9UTe5O.o
 .rela.text.metal_lc8_interrupt_vector_handler
                0x0000000020406638        0x0 /tmp/cc9UTe5O.o
 .rela.text.metal_lc9_interrupt_vector_handler
                0x0000000020406638        0x0 /tmp/cc9UTe5O.o
 .rela.text.metal_lc10_interrupt_vector_handler
                0x0000000020406638        0x0 /tmp/cc9UTe5O.o
 .rela.text.metal_lc11_interrupt_vector_handler
                0x0000000020406638        0x0 /tmp/cc9UTe5O.o
 .rela.text.metal_lc12_interrupt_vector_handler
                0x0000000020406638        0x0 /tmp/cc9UTe5O.o
 .rela.text.metal_lc13_interrupt_vector_handler
                0x0000000020406638        0x0 /tmp/cc9UTe5O.o
 .rela.text.metal_lc14_interrupt_vector_handler
                0x0000000020406638        0x0 /tmp/cc9UTe5O.o
 .rela.text.metal_lc15_interrupt_vector_handler
                0x0000000020406638        0x0 /tmp/cc9UTe5O.o
 .rela.text.metal_cpu_get
                0x0000000020406638        0x0 /tmp/cc9UTe5O.o
 .rela.text     0x0000000020406638        0x0 /tmp/cc9UTe5O.o

.data           0x0000000080000000      0x7f0 load address 0x0000000020406638
 *(.data .data.*)
 .data.impure_data
                0x0000000080000000       0x60 /home/khj/Desktop/riscv64/bin/../lib/gcc/riscv64-unknown-elf/8.3.0/../../../../riscv64-unknown-elf/lib/rv32imac/ilp32/libc_nano.a(lib_a-impure.o)
 .data.__metal_dt_clock_0
                0x0000000080000060        0xc /home/khj/Desktop/hello_standalone/bsp/install/lib/debug//libmetal.a(inline.o)
                0x0000000080000060                __metal_dt_clock_0
 .data.__metal_dt_clock_2
                0x000000008000006c        0xc /home/khj/Desktop/hello_standalone/bsp/install/lib/debug//libmetal.a(inline.o)
                0x000000008000006c                __metal_dt_clock_2
 .data.__metal_dt_clock_5
                0x0000000080000078        0xc /home/khj/Desktop/hello_standalone/bsp/install/lib/debug//libmetal.a(inline.o)
                0x0000000080000078                __metal_dt_clock_5
 *fill*         0x0000000080000084        0x4 
 .data.__metal_dt_cpu_0_interrupt_controller
                0x0000000080000088      0x3d0 /home/khj/Desktop/hello_standalone/bsp/install/lib/debug//libmetal.a(inline.o)
                0x0000000080000088                __metal_dt_cpu_0_interrupt_controller
 .data.__metal_dt_interrupt_controller_c000000
                0x0000000080000458      0x300 /home/khj/Desktop/hello_standalone/bsp/install/lib/debug//libmetal.a(inline.o)
                0x0000000080000458                __metal_dt_interrupt_controller_c000000
 .data.__metal_dt_serial_10013000
                0x0000000080000758       0x20 /home/khj/Desktop/hello_standalone/bsp/install/lib/debug//libmetal.a(inline.o)
                0x0000000080000758                __metal_dt_serial_10013000
 .data.__metal_dt_clock_3
                0x0000000080000778        0xc /home/khj/Desktop/hello_standalone/bsp/install/lib/debug//libmetal.a(inline.o)
                0x0000000080000778                __metal_dt_clock_3
 .data.__metal_dt_clock_1
                0x0000000080000784        0xc /home/khj/Desktop/hello_standalone/bsp/install/lib/debug//libmetal.a(inline.o)
                0x0000000080000784                __metal_dt_clock_1
 .data.__metal_dt_clock_4
                0x0000000080000790        0xc /home/khj/Desktop/hello_standalone/bsp/install/lib/debug//libmetal.a(inline.o)
                0x0000000080000790                __metal_dt_clock_4
 *(.gnu.linkonce.d.*)
                0x00000000800007a0                . = ALIGN (0x8)
 *fill*         0x000000008000079c        0x4 
                0x0000000080000fa0                PROVIDE (__global_pointer$ = (. + 0x800))
 *(.sdata .sdata.* .sdata2.*)
 .sdata._impure_ptr
                0x00000000800007a0        0x4 /home/khj/Desktop/riscv64/bin/../lib/gcc/riscv64-unknown-elf/8.3.0/../../../../riscv64-unknown-elf/lib/rv32imac/ilp32/libc_nano.a(lib_a-impure.o)
                0x00000000800007a0                _impure_ptr
 .sdata2._global_impure_ptr
                0x00000000800007a4        0x4 /home/khj/Desktop/riscv64/bin/../lib/gcc/riscv64-unknown-elf/8.3.0/../../../../riscv64-unknown-elf/lib/rv32imac/ilp32/libc_nano.a(lib_a-impure.o)
                0x00000000800007a4                _global_impure_ptr
 .sdata.__brk   0x00000000800007a8        0x4 /home/khj/Desktop/hello_standalone/bsp/install/lib/debug//libmetal-gloss.a(sys_sbrk.o)
 .sdata.__metal_cpu_table
                0x00000000800007ac        0x4 /home/khj/Desktop/hello_standalone/bsp/install/lib/debug//libmetal.a(synchronize_harts.o)
                0x00000000800007ac                __metal_cpu_table
 .sdata.__metal_dt_clint_2000000
                0x00000000800007b0        0x8 /home/khj/Desktop/hello_standalone/bsp/install/lib/debug//libmetal.a(inline.o)
                0x00000000800007b0                __metal_dt_clint_2000000
 .sdata.__metal_dt_cpu_0
                0x00000000800007b8        0x8 /home/khj/Desktop/hello_standalone/bsp/install/lib/debug//libmetal.a(inline.o)
                0x00000000800007b8                __metal_dt_cpu_0
 .sdata.__metal_dt_gpio_10012000
                0x00000000800007c0        0x4 /home/khj/Desktop/hello_standalone/bsp/install/lib/debug//libmetal.a(inline.o)
                0x00000000800007c0                __metal_dt_gpio_10012000
 .sdata.__metal_dt_test_100000
                0x00000000800007c4        0x4 /home/khj/Desktop/hello_standalone/bsp/install/lib/debug//libmetal.a(inline.o)
                0x00000000800007c4                __metal_dt_test_100000
 .sdata.__metal_dt_prci_10008000
                0x00000000800007c8        0x4 /home/khj/Desktop/hello_standalone/bsp/install/lib/debug//libmetal.a(inline.o)
                0x00000000800007c8                __metal_dt_prci_10008000
 .sdata2.__metal_driver_vtable_sifive_fe310_g000_hfrosc
                0x00000000800007cc        0x8 /home/khj/Desktop/hello_standalone/bsp/install/lib/debug//libmetal.a(sifive_fe310-g000_hfrosc.o)
                0x00000000800007cc                __metal_driver_vtable_sifive_fe310_g000_hfrosc
 .sdata2.__metal_driver_vtable_sifive_fe310_g000_hfxosc
                0x00000000800007d4        0x8 /home/khj/Desktop/hello_standalone/bsp/install/lib/debug//libmetal.a(sifive_fe310-g000_hfxosc.o)
                0x00000000800007d4                __metal_driver_vtable_sifive_fe310_g000_hfxosc
 .sdata2.__metal_driver_vtable_sifive_fe310_g000_prci
                0x00000000800007dc        0x8 /home/khj/Desktop/hello_standalone/bsp/install/lib/debug//libmetal.a(sifive_fe310-g000_prci.o)
                0x00000000800007dc                __metal_driver_vtable_sifive_fe310_g000_prci
 .sdata2.__metal_driver_vtable_sifive_test0
                0x00000000800007e4        0x4 /home/khj/Desktop/hello_standalone/bsp/install/lib/debug//libmetal.a(sifive_test0.o)
                0x00000000800007e4                __metal_driver_vtable_sifive_test0
 .sdata2.__metal_driver_vtable_fixed_clock
                0x00000000800007e8        0x8 /home/khj/Desktop/hello_standalone/bsp/install/lib/debug//libmetal.a(fixed-clock.o)
                0x00000000800007e8                __metal_driver_vtable_fixed_clock
 *(.gnu.linkonce.s.*)

.tdata          0x00000000800007f0        0x0 load address 0x0000000020406e28
                0x00000000800007f0                PROVIDE (__tls_base = .)
 *(.tdata .tdata.* .gnu.linkonce.td.*)
                [!provide]                        PROVIDE (__tdata_source = LOADADDR (.tdata))
                [!provide]                        PROVIDE (__tdata_size = SIZEOF (.tdata))
                0x0000000020406638                PROVIDE (metal_segment_data_source_start = LOADADDR (.data))
                0x0000000080000000                PROVIDE (metal_segment_data_target_start = ADDR (.data))
                0x00000000800007f0                PROVIDE (metal_segment_data_target_end = (ADDR (.tdata) + SIZEOF (.tdata)))

.tbss           0x00000000800007f0        0x0
 *(.tbss .tbss.* .gnu.linkonce.tb.*)
 *(.tcommon .tcommon.*)
                [!provide]                        PROVIDE (__tls_end = .)
                0x0000000000000000                PROVIDE (__tbss_size = SIZEOF (.tbss))
                [!provide]                        PROVIDE (__tls_size = (__tls_end - __tls_base))

.tbss_space     0x00000000800007f0        0x0
                0x00000000800007f0                . = (. + __tbss_size)

.bss            0x00000000800007f0       0xa4
 *(.sbss*)
 .sbss.__malloc_free_list
                0x00000000800007f0        0x4 /home/khj/Desktop/riscv64/bin/../lib/gcc/riscv64-unknown-elf/8.3.0/../../../../riscv64-unknown-elf/lib/rv32imac/ilp32/libc_nano.a(lib_a-nano-mallocr.o)
                0x00000000800007f0                __malloc_free_list
 .sbss.__malloc_sbrk_start
                0x00000000800007f4        0x4 /home/khj/Desktop/riscv64/bin/../lib/gcc/riscv64-unknown-elf/8.3.0/../../../../riscv64-unknown-elf/lib/rv32imac/ilp32/libc_nano.a(lib_a-nano-mallocr.o)
                0x00000000800007f4                __malloc_sbrk_start
 .sbss._global_atexit
                0x00000000800007f8        0x4 /home/khj/Desktop/riscv64/bin/../lib/gcc/riscv64-unknown-elf/8.3.0/../../../../riscv64-unknown-elf/lib/rv32imac/ilp32/libc_nano.a(lib_a-__call_atexit.o)
                0x00000000800007f8                _global_atexit
 .sbss.init_done.1531
                0x00000000800007fc        0x4 /home/khj/Desktop/hello_standalone/bsp/install/lib/debug//libmetal.a(init.o)
 .sbss.fini_done.1540
                0x0000000080000800        0x4 /home/khj/Desktop/hello_standalone/bsp/install/lib/debug//libmetal.a(init.o)
 *(.gnu.linkonce.sb.*)
 *(.bss .bss.*)
 .bss._global_atexit0
                0x0000000080000804       0x8c /home/khj/Desktop/riscv64/bin/../lib/gcc/riscv64-unknown-elf/8.3.0/../../../../riscv64-unknown-elf/lib/rv32imac/ilp32/libc_nano.a(lib_a-__atexit.o)
 *(.gnu.linkonce.b.*)
 *(COMMON)
 COMMON         0x0000000080000890        0x4 /home/khj/Desktop/riscv64/bin/../lib/gcc/riscv64-unknown-elf/8.3.0/../../../../riscv64-unknown-elf/lib/rv32imac/ilp32/libc_nano.a(lib_a-reent.o)
                0x0000000080000890                errno
                [!provide]                        PROVIDE (metal_segment_bss_source_start = LOADADDR (.tbss))
                0x00000000800007f0                PROVIDE (metal_segment_bss_target_start = ADDR (.tbss))
                0x0000000080000894                PROVIDE (metal_segment_bss_target_end = (ADDR (.bss) + SIZEOF (.bss)))

.stack          0x00000000800008a0      0x400
                [!provide]                        PROVIDE (metal_segment_stack_begin = .)
                0x0000000080000ca0                . = (. + __stack_size)
 *fill*         0x00000000800008a0      0x400 
                0x0000000080000ca0                PROVIDE (_sp = .)
                [!provide]                        PROVIDE (metal_segment_stack_end = .)

.heap           0x0000000080000ca0      0x800
                [!provide]                        PROVIDE (__end = .)
                [!provide]                        PROVIDE (__heap_start = .)
                0x0000000080000ca0                PROVIDE (metal_segment_heap_target_start = .)
                0x0000000000000800                . = DEFINED (__heap_max)?MIN ((LENGTH (ram) - (. - ORIGIN (ram))), 0x10000000):__heap_size
 *fill*         0x0000000080000ca0      0x800 
                0x00000000800014a0                PROVIDE (metal_segment_heap_target_end = .)
                [!provide]                        PROVIDE (_heap_end = .)
                [!provide]                        PROVIDE (__heap_end = .)

/DISCARD/
 *(.eh_frame .eh_frame.*)
OUTPUT(hello elf32-littleriscv)

.debug_info     0x0000000000000000    0x29de3
 .debug_info    0x0000000000000000      0x92c /tmp/cc9UTe5O.o
 .debug_info    0x000000000000092c       0x22 /home/khj/Desktop/hello_standalone/bsp/install/lib/debug//libmetal.a(entry.o)
 .debug_info    0x000000000000094e       0x26 /home/khj/Desktop/hello_standalone/bsp/install/lib/debug//libmetal.a(scrub.o)
 .debug_info    0x0000000000000974       0x22 /home/khj/Desktop/hello_standalone/bsp/install/lib/debug//libmetal.a(trap.o)
 .debug_info    0x0000000000000996       0x26 /home/khj/Desktop/hello_standalone/bsp/install/lib/debug//libmetal-gloss.a(crt0.o)
 .debug_info    0x00000000000009bc      0x969 /home/khj/Desktop/hello_standalone/bsp/install/lib/debug//libmetal-gloss.a(sys_close.o)
 .debug_info    0x0000000000001325      0xbac /home/khj/Desktop/hello_standalone/bsp/install/lib/debug//libmetal-gloss.a(sys_fstat.o)
 .debug_info    0x0000000000001ed1       0xf4 /home/khj/Desktop/hello_standalone/bsp/install/lib/debug//libmetal-gloss.a(sys_isatty.o)
 .debug_info    0x0000000000001fc5      0x99f /home/khj/Desktop/hello_standalone/bsp/install/lib/debug//libmetal-gloss.a(sys_lseek.o)
 .debug_info    0x0000000000002964      0x99f /home/khj/Desktop/hello_standalone/bsp/install/lib/debug//libmetal-gloss.a(sys_read.o)
 .debug_info    0x0000000000003303      0x117 /home/khj/Desktop/hello_standalone/bsp/install/lib/debug//libmetal-gloss.a(sys_sbrk.o)
 .debug_info    0x000000000000341a      0xa1e /home/khj/Desktop/hello_standalone/bsp/install/lib/debug//libmetal-gloss.a(sys_write.o)
 .debug_info    0x0000000000003e38      0x14e /home/khj/Desktop/hello_standalone/bsp/install/lib/debug//libmetal.a(init.o)
 .debug_info    0x0000000000003f86     0x1f2e /home/khj/Desktop/hello_standalone/bsp/install/lib/debug//libmetal.a(synchronize_harts.o)
 .debug_info    0x0000000000005eb4     0x1fc0 /home/khj/Desktop/hello_standalone/bsp/install/lib/debug//libmetal.a(tty.o)
 .debug_info    0x0000000000007e74     0x2234 /home/khj/Desktop/hello_standalone/bsp/install/lib/debug//libmetal.a(uart.o)
 .debug_info    0x000000000000a0a8     0x1f14 /home/khj/Desktop/hello_standalone/bsp/install/lib/debug//libmetal.a(inline.o)
 .debug_info    0x000000000000bfbc     0x25c4 /home/khj/Desktop/hello_standalone/bsp/install/lib/debug//libmetal.a(riscv_clint0.o)
 .debug_info    0x000000000000e580     0x345a /home/khj/Desktop/hello_standalone/bsp/install/lib/debug//libmetal.a(riscv_cpu.o)
 .debug_info    0x00000000000119da     0x26df /home/khj/Desktop/hello_standalone/bsp/install/lib/debug//libmetal.a(riscv_plic0.o)
 .debug_info    0x00000000000140b9     0x2074 /home/khj/Desktop/hello_standalone/bsp/install/lib/debug//libmetal.a(sifive_fe310-g000_hfrosc.o)
 .debug_info    0x000000000001612d     0x2074 /home/khj/Desktop/hello_standalone/bsp/install/lib/debug//libmetal.a(sifive_fe310-g000_hfxosc.o)
 .debug_info    0x00000000000181a1     0x2dd8 /home/khj/Desktop/hello_standalone/bsp/install/lib/debug//libmetal.a(sifive_fe310-g000_pll.o)
 .debug_info    0x000000000001af79     0x1feb /home/khj/Desktop/hello_standalone/bsp/install/lib/debug//libmetal.a(sifive_fe310-g000_prci.o)
 .debug_info    0x000000000001cf64     0x23ee /home/khj/Desktop/hello_standalone/bsp/install/lib/debug//libmetal.a(sifive_gpio0.o)
 .debug_info    0x000000000001f352     0x1fc6 /home/khj/Desktop/hello_standalone/bsp/install/lib/debug//libmetal.a(sifive_test0.o)
 .debug_info    0x0000000000021318     0x259d /home/khj/Desktop/hello_standalone/bsp/install/lib/debug//libmetal.a(sifive_uart0.o)
 .debug_info    0x00000000000238b5      0x2c7 /home/khj/Desktop/hello_standalone/bsp/install/lib/debug//libmetal.a(clock.o)
 .debug_info    0x0000000000023b7c     0x22ce /home/khj/Desktop/hello_standalone/bsp/install/lib/debug//libmetal.a(cpu.o)
 .debug_info    0x0000000000025e4a     0x1f72 /home/khj/Desktop/hello_standalone/bsp/install/lib/debug//libmetal.a(shutdown.o)
 .debug_info    0x0000000000027dbc       0x26 /home/khj/Desktop/hello_standalone/bsp/install/lib/debug//libmetal.a(vector.o)
 .debug_info    0x0000000000027de2     0x1fb2 /home/khj/Desktop/hello_standalone/bsp/install/lib/debug//libmetal.a(fixed-clock.o)
 .debug_info    0x0000000000029d94       0x4f /home/khj/Desktop/hello_standalone/bsp/install/lib/debug//libmetal-gloss.a(sys_exit.o)

.debug_abbrev   0x0000000000000000     0x34ea
 .debug_abbrev  0x0000000000000000      0x17e /tmp/cc9UTe5O.o
 .debug_abbrev  0x000000000000017e       0x12 /home/khj/Desktop/hello_standalone/bsp/install/lib/debug//libmetal.a(entry.o)
 .debug_abbrev  0x0000000000000190       0x14 /home/khj/Desktop/hello_standalone/bsp/install/lib/debug//libmetal.a(scrub.o)
 .debug_abbrev  0x00000000000001a4       0x12 /home/khj/Desktop/hello_standalone/bsp/install/lib/debug//libmetal.a(trap.o)
 .debug_abbrev  0x00000000000001b6       0x14 /home/khj/Desktop/hello_standalone/bsp/install/lib/debug//libmetal-gloss.a(crt0.o)
 .debug_abbrev  0x00000000000001ca      0x1a9 /home/khj/Desktop/hello_standalone/bsp/install/lib/debug//libmetal-gloss.a(sys_close.o)
 .debug_abbrev  0x0000000000000373      0x1bc /home/khj/Desktop/hello_standalone/bsp/install/lib/debug//libmetal-gloss.a(sys_fstat.o)
 .debug_abbrev  0x000000000000052f       0x73 /home/khj/Desktop/hello_standalone/bsp/install/lib/debug//libmetal-gloss.a(sys_isatty.o)
 .debug_abbrev  0x00000000000005a2      0x1ba /home/khj/Desktop/hello_standalone/bsp/install/lib/debug//libmetal-gloss.a(sys_lseek.o)
 .debug_abbrev  0x000000000000075c      0x1ba /home/khj/Desktop/hello_standalone/bsp/install/lib/debug//libmetal-gloss.a(sys_read.o)
 .debug_abbrev  0x0000000000000916       0xc9 /home/khj/Desktop/hello_standalone/bsp/install/lib/debug//libmetal-gloss.a(sys_sbrk.o)
 .debug_abbrev  0x00000000000009df      0x1ec /home/khj/Desktop/hello_standalone/bsp/install/lib/debug//libmetal-gloss.a(sys_write.o)
 .debug_abbrev  0x0000000000000bcb       0xa1 /home/khj/Desktop/hello_standalone/bsp/install/lib/debug//libmetal.a(init.o)
 .debug_abbrev  0x0000000000000c6c      0x199 /home/khj/Desktop/hello_standalone/bsp/install/lib/debug//libmetal.a(synchronize_harts.o)
 .debug_abbrev  0x0000000000000e05      0x1e6 /home/khj/Desktop/hello_standalone/bsp/install/lib/debug//libmetal.a(tty.o)
 .debug_abbrev  0x0000000000000feb      0x1f9 /home/khj/Desktop/hello_standalone/bsp/install/lib/debug//libmetal.a(uart.o)
 .debug_abbrev  0x00000000000011e4      0x17d /home/khj/Desktop/hello_standalone/bsp/install/lib/debug//libmetal.a(inline.o)
 .debug_abbrev  0x0000000000001361      0x2db /home/khj/Desktop/hello_standalone/bsp/install/lib/debug//libmetal.a(riscv_clint0.o)
 .debug_abbrev  0x000000000000163c      0x36c /home/khj/Desktop/hello_standalone/bsp/install/lib/debug//libmetal.a(riscv_cpu.o)
 .debug_abbrev  0x00000000000019a8      0x2ad /home/khj/Desktop/hello_standalone/bsp/install/lib/debug//libmetal.a(riscv_plic0.o)
 .debug_abbrev  0x0000000000001c55      0x23e /home/khj/Desktop/hello_standalone/bsp/install/lib/debug//libmetal.a(sifive_fe310-g000_hfrosc.o)
 .debug_abbrev  0x0000000000001e93      0x23e /home/khj/Desktop/hello_standalone/bsp/install/lib/debug//libmetal.a(sifive_fe310-g000_hfxosc.o)